Fri Jul 21 10:33:12 2023 - INFO  - Start to prepare the database config.
30720+0 records in
30720+0 records out
31457280 bytes (31 MB, 30 MiB) copied, 2.45349 s, 12.8 MB/s
Fri Jul 21 10:33:15 2023 - INFO  - Finish to prepare the database config.
Fri Jul 21 10:33:16 2023 - INFO  - Start to run test.
mknod: /dev/loop0: File exists
mke2fs 1.46.5 (30-Dec-2021)
fs_types for mke2fs.conf resolution: 'ext3', 'small'
Discarding device blocks:     0/30720           done                            
Filesystem label=
OS type: Linux
Block size=1024 (log=0)
Fragment size=1024 (log=0)
Stride=0 blocks, Stripe width=0 blocks
7680 inodes, 30720 blocks
307 blocks (1.00%) reserved for the super user
First data block=1
Maximum filesystem blocks=31457280
4 block groups
8192 blocks per group, 8192 fragments per group
1920 inodes per group
Filesystem UUID: d34b9937-25cd-43ba-8dea-a2cfc7470841
Superblock backups stored on blocks: 
	8193, 24577

Allocating group tables: 0/4   done                            
Writing inode tables: 0/4   done                            
Creating journal (1024 blocks): done
Writing superblocks and filesystem accounting information: 0/4   done

/dev/loop0     ext3         27404      19     27078   1% /mnt/point_20230721103312
mke2fs 1.46.5 (30-Dec-2021)
fs_types for mke2fs.conf resolution: 'ext4', 'small'
Discarding device blocks:     0/30720           done                            
Filesystem label=
OS type: Linux
Block size=1024 (log=0)
Fragment size=1024 (log=0)
Stride=0 blocks, Stripe width=0 blocks
7680 inodes, 30720 blocks
307 blocks (1.00%) reserved for the super user
First data block=1
Maximum filesystem blocks=31457280
4 block groups
8192 blocks per group, 8192 fragments per group
1920 inodes per group
Filesystem UUID: 5630ca97-4c2f-4a33-8088-1275f42e46cf
Superblock backups stored on blocks: 
	8193, 24577

Allocating group tables: 0/4   done                            
Writing inode tables: 0/4   done                            
Creating journal (1024 blocks): done
Writing superblocks and filesystem accounting information: 0/4   done

/dev/loop0     ext4         27044      14     26109   1% /mnt/point_20230721103312
mkfs: failed to execute mkfs.xfs: No such file or directory
Fri Jul 21 10:33:17 2023 - ERROR - mkfs xfs for /dev/loop0 failed.
Fri Jul 21 10:33:18 2023 - ERROR - oe_test_FSIO_loop_fs.sh line 43
mount: /mnt/point_20230721103312: unknown filesystem type 'xfs'.
Fri Jul 21 10:33:18 2023 - ERROR - Mount fs xfs on /dev/loop0 failed.
Fri Jul 21 10:33:19 2023 - ERROR - oe_test_FSIO_loop_fs.sh line 46
umount: /mnt/point_20230721103312: not mounted.
Fri Jul 21 10:33:19 2023 - ERROR - Umount fs xfs on /dev/loop0 failed.
Fri Jul 21 10:33:20 2023 - ERROR - oe_test_FSIO_loop_fs.sh line 48
Fri Jul 21 10:33:20 2023 - INFO  - End to run test.
Fri Jul 21 10:33:21 2023 - ERROR - failed to execute the case.
Fri Jul 21 10:33:21 2023 - INFO  - Start to restore the test environment.
Fri Jul 21 10:33:22 2023 - INFO  - End to restore the test environment.
