Fri Jul 21 09:33:06 2023 - INFO  - Start to prepare the database config.
30720+0 records in
30720+0 records out
31457280 bytes (31 MB, 30 MiB) copied, 0.413458 s, 76.1 MB/s
Fri Jul 21 09:33:07 2023 - INFO  - Finish to prepare the database config.
Fri Jul 21 09:33:07 2023 - INFO  - Start to run test.
mknod: /dev/loop0: File exists
mke2fs 1.46.5 (30-Dec-2021)
fs_types for mke2fs.conf resolution: 'ext3', 'small'
Discarding device blocks:     0/30720           done                            
Filesystem label=
OS type: Linux
Block size=1024 (log=0)
Fragment size=1024 (log=0)
Stride=0 blocks, Stripe width=0 blocks
7680 inodes, 30720 blocks
307 blocks (1.00%) reserved for the super user
First data block=1
Maximum filesystem blocks=31457280
4 block groups
8192 blocks per group, 8192 fragments per group
1920 inodes per group
Filesystem UUID: 9dcf3d09-c65b-4cb9-a6d5-5c07f44196fa
Superblock backups stored on blocks: 
	8193, 24577

Allocating group tables: 0/4   done                            
Writing inode tables: 0/4   done                            
Creating journal (1024 blocks): done
Writing superblocks and filesystem accounting information: 0/4   done

/dev/loop0     ext3         27404       19     27078   1% /mnt/point_20230721093306
mke2fs 1.46.5 (30-Dec-2021)
fs_types for mke2fs.conf resolution: 'ext4', 'small'
Discarding device blocks:     0/30720           done                            
Filesystem label=
OS type: Linux
Block size=1024 (log=0)
Fragment size=1024 (log=0)
Stride=0 blocks, Stripe width=0 blocks
7680 inodes, 30720 blocks
307 blocks (1.00%) reserved for the super user
First data block=1
Maximum filesystem blocks=31457280
4 block groups
8192 blocks per group, 8192 fragments per group
1920 inodes per group
Filesystem UUID: 84545505-bd09-446b-929c-d62c0c143432
Superblock backups stored on blocks: 
	8193, 24577

Allocating group tables: 0/4   done                            
Writing inode tables: 0/4   done                            
Creating journal (1024 blocks): done
Writing superblocks and filesystem accounting information: 0/4   done

/dev/loop0     ext4         27044       14     26109   1% /mnt/point_20230721093306
Filesystem must be larger than 300MB.
Usage: mkfs.xfs
/* blocksize */		[-b size=num]
/* config file */	[-c options=xxx]
/* metadata */		[-m crc=0|1,finobt=0|1,uuid=xxx,rmapbt=0|1,reflink=0|1,
			    inobtcount=0|1,bigtime=0|1]
/* data subvol */	[-d agcount=n,agsize=n,file,name=xxx,size=num,
			    (sunit=value,swidth=value|su=num,sw=num|noalign),
			    sectsize=num
/* force overwrite */	[-f]
/* inode size */	[-i perblock=n|size=num,maxpct=n,attr=0|1|2,
			    projid32bit=0|1,sparse=0|1,nrext64=0|1]
/* no discard */	[-K]
/* log subvol */	[-l agnum=n,internal,size=num,logdev=xxx,version=n
			    sunit=value|su=num,sectsize=num,lazy-count=0|1]
/* label */		[-L label (maximum 12 characters)]
/* naming */		[-n size=num,version=2|ci,ftype=0|1]
/* no-op info only */	[-N]
/* prototype file */	[-p fname]
/* quiet */		[-q]
/* realtime subvol */	[-r extsize=num,size=num,rtdev=xxx]
/* sectorsize */	[-s size=num]
/* version */		[-V]
			devicename
<devicename> is required unless -d name=xxx is given.
<num> is xxx (bytes), xxxs (sectors), xxxb (fs blocks), xxxk (xxx KiB),
      xxxm (xxx MiB), xxxg (xxx GiB), xxxt (xxx TiB) or xxxp (xxx PiB).
<value> is xxx (512 byte blocks).
Fri Jul 21 09:33:09 2023 - ERROR - mkfs xfs for /dev/loop0 failed.
Fri Jul 21 09:33:09 2023 - ERROR - oe_test_FSIO_loop_fs.sh line 43
mount: /mnt/point_20230721093306: wrong fs type, bad option, bad superblock on /dev/loop0, missing codepage or helper program, or other error.
Fri Jul 21 09:33:10 2023 - ERROR - Mount fs xfs on /dev/loop0 failed.
Fri Jul 21 09:33:10 2023 - ERROR - oe_test_FSIO_loop_fs.sh line 46
umount: /mnt/point_20230721093306: not mounted.
Fri Jul 21 09:33:11 2023 - ERROR - Umount fs xfs on /dev/loop0 failed.
Fri Jul 21 09:33:11 2023 - ERROR - oe_test_FSIO_loop_fs.sh line 48
Fri Jul 21 09:33:12 2023 - INFO  - End to run test.
Fri Jul 21 09:33:12 2023 - ERROR - failed to execute the case.
Fri Jul 21 09:33:12 2023 - INFO  - Start to restore the test environment.
Fri Jul 21 09:33:13 2023 - INFO  - End to restore the test environment.
