Fri Jul 21 09:31:49 2023 - INFO  - Start to prepare the database config.
Fri Jul 21 09:31:49 2023 - INFO  - Finish to prepare the database config.
Fri Jul 21 09:31:50 2023 - INFO  - Start to run test.
10+0 records in
10+0 records out
10485760 bytes (10 MB, 10 MiB) copied, 0.0811329 s, 129 MB/s
mke2fs 1.46.5 (30-Dec-2021)
Discarding device blocks:     0/10240           done                            
Creating filesystem with 10240 1k blocks and 2560 inodes
Filesystem UUID: fa396485-f527-4e0a-a23d-b7423295364e
Superblock backups stored on blocks: 
	8193

Allocating group tables: 0/2   done                            
Writing inode tables: 0/2   done                            
Creating journal (1024 blocks): done
Writing superblocks and filesystem accounting information: 0/2   done

10+0 records in
10+0 records out
10485760 bytes (10 MB, 10 MiB) copied, 0.0466674 s, 225 MB/s
mke2fs 1.46.5 (30-Dec-2021)
Discarding device blocks:     0/10240           done                            
Creating filesystem with 10240 1k blocks and 2560 inodes
Filesystem UUID: 4eb67ace-5a87-4b28-8c80-3623acd4742e
Superblock backups stored on blocks: 
	8193

Allocating group tables: 0/2   done                            
Writing inode tables: 0/2   done                            
Creating journal (1024 blocks): done
Writing superblocks and filesystem accounting information: 0/2   done

4096+0 records in
4096+0 records out
4294967296 bytes (4.3 GB, 4.0 GiB) copied, 20.1748 s, 213 MB/s
meta-data=/mnt/loop3_20230721093149 isize=512    agcount=4, agsize=262144 blks
         =                       sectsz=512   attr=2, projid32bit=1
         =                       crc=1        finobt=1, sparse=1, rmapbt=0
         =                       reflink=1    bigtime=1 inobtcount=1 nrext64=0
data     =                       bsize=4096   blocks=1048576, imaxpct=25
         =                       sunit=0      swidth=0 blks
naming   =version 2              bsize=4096   ascii-ci=0, ftype=1
log      =internal log           bsize=4096   blocks=16384, version=2
         =                       sectsz=512   sunit=0 blks, lazy-count=1
realtime =none                   extsz=4096   blocks=0, rtextents=0
Fri Jul 21 09:32:11 2023 - INFO  - End to run test.
Fri Jul 21 09:32:12 2023 - INFO  - succeed to execute the case.
Fri Jul 21 09:32:12 2023 - INFO  - Start to restore the test environment.
Fri Jul 21 09:32:15 2023 - INFO  - End to restore the test environment.
