Fri Jul 21 10:28:09 2023 - INFO  - Start to prepare the database config.
Fri Jul 21 10:28:10 2023 - INFO  - Finish to prepare the database config.
Fri Jul 21 10:28:10 2023 - INFO  - Start to run test.
10+0 records in
10+0 records out
10485760 bytes (10 MB, 10 MiB) copied, 0.22115 s, 47.4 MB/s
mke2fs 1.46.5 (30-Dec-2021)
Discarding device blocks:     0/10240           done                            
Creating filesystem with 10240 1k blocks and 2560 inodes
Filesystem UUID: 13416ca7-5e4f-4bd3-bfab-919b7f7189c6
Superblock backups stored on blocks: 
	8193

Allocating group tables: 0/2   done                            
Writing inode tables: 0/2   done                            
Creating journal (1024 blocks): done
Writing superblocks and filesystem accounting information: 0/2   done

10+0 records in
10+0 records out
10485760 bytes (10 MB, 10 MiB) copied, 0.220913 s, 47.5 MB/s
mke2fs 1.46.5 (30-Dec-2021)
Discarding device blocks:     0/10240           done                            
Creating filesystem with 10240 1k blocks and 2560 inodes
Filesystem UUID: 07c58017-b6ba-4314-b22f-d5ed4e7fc7ed
Superblock backups stored on blocks: 
	8193

Allocating group tables: 0/2   done                            
Writing inode tables: 0/2   done                            
Creating journal (1024 blocks): done
Writing superblocks and filesystem accounting information: 0/2   done

4096+0 records in
4096+0 records out
4294967296 bytes (4.3 GB, 4.0 GiB) copied, 92.5245 s, 46.4 MB/s
oe_test_FSIO_dd_mkfs.sh: line 39: mkfs.xfs: command not found
Fri Jul 21 10:29:44 2023 - ERROR - mkfs xfs on virtual block failed.
Fri Jul 21 10:29:45 2023 - ERROR - oe_test_FSIO_dd_mkfs.sh line 40
Fri Jul 21 10:29:45 2023 - INFO  - End to run test.
Fri Jul 21 10:29:46 2023 - ERROR - failed to execute the case.
Fri Jul 21 10:29:46 2023 - INFO  - Start to restore the test environment.
Fri Jul 21 10:29:50 2023 - INFO  - End to restore the test environment.
