+ source /root/mugen/libs/locallibs/common_lib.sh
++ python3 --version
++ '[' 0 -eq 0 ']'
++ source /root/mugen/libs/locallibs/common_lib_python.sh
+ main
++ type -t post_test
+ '[' -n function ']'
+ trap post_test EXIT INT HUP TERM
+ rpm -qa
+ grep expect
++ type -t config_params
+ '[' -n '' ']'
++ type -t pre_test
+ '[' -n '' ']'
++ type -t run_test
+ '[' -n function ']'
+ run_test
+ LOG_INFO 'Start executing testcase.'
+ message='Start executing testcase.'
+ python3 /root/mugen/libs/locallibs/mugen_log.py --level info --message 'Start executing testcase.'
Mon May  8 08:54:53 2023 - INFO  - Start executing testcase.
+ ls /var/log
btmp
cron
dnf.librepo.log
dnf.log
dnf.rpm.log
dracut.log
hawkey.log
lastlog
maillog
messages
openEuler-security.log
private
README
secure
spooler
tallylog
wtmp
+ CHECK_RESULT 0
+ actual_result=0
+ expect_result=0
+ mode=0
+ error_log=
+ exit_mode=0
+ '[' -z 0 ']'
+ '[' 0 -eq 0 ']'
+ test 0x '!=' 0x
+ return 0
+ tail -f /var/log/messages
++ cat log
++ wc -l
+ row01=10
+ SLEEP_WAIT 5
+ wait_time=5
+ cmd=
+ mode=1
+ python3 /root/mugen/libs/locallibs/sleep_wait.py --time 5 --cmd '' --mode 1
++ cat log
++ wc -l
+ row02=10
+ '[' 10 -le 10 ']'
+ CHECK_RESULT 0
+ actual_result=0
+ expect_result=0
+ mode=0
+ error_log=
+ exit_mode=0
+ '[' -z 0 ']'
+ '[' 0 -eq 0 ']'
+ test 0x '!=' 0x
+ return 0
+ cat /var/log/messages
May  1 06:29:55 localhost kernel: [    0.000000] Linux version 6.1.19-7.0.0.17.oe2303.x86_64 (root@dc-64g.compass-ci) (gcc_old (GCC) 10.3.1, GNU ld (GNU Binutils) 2.37) #1 SMP PREEMPT_DYNAMIC Tue Mar 28 00:01:02 CST 2023
May  1 06:29:55 localhost kernel: [    0.000000] Command line: root=/dev/sda2 rw console=ttyS0 systemd.default_timeout_start_sec=600 selinux=0 highres=off mem=4096M earlycon crashkernel=128M
May  1 06:29:55 localhost kernel: [    0.000000] x86/fpu: x87 FPU will use FXSAVE
May  1 06:29:55 localhost kernel: [    0.000000] signal: max sigframe size: 1440
May  1 06:29:55 localhost kernel: [    0.000000] BIOS-provided physical RAM map:
May  1 06:29:55 localhost kernel: [    0.000000] BIOS-e820: [mem 0x0000000000000000-0x000000000009fbff] usable
May  1 06:29:55 localhost kernel: [    0.000000] BIOS-e820: [mem 0x000000000009fc00-0x000000000009ffff] reserved
May  1 06:29:55 localhost kernel: [    0.000000] BIOS-e820: [mem 0x00000000000f0000-0x00000000000fffff] reserved
May  1 06:29:55 localhost kernel: [    0.000000] BIOS-e820: [mem 0x0000000000100000-0x00000000bffdffff] usable
May  1 06:29:55 localhost kernel: [    0.000000] BIOS-e820: [mem 0x00000000bffe0000-0x00000000bfffffff] reserved
May  1 06:29:55 localhost kernel: [    0.000000] BIOS-e820: [mem 0x00000000fffc0000-0x00000000ffffffff] reserved
May  1 06:29:55 localhost kernel: [    0.000000] BIOS-e820: [mem 0x0000000100000000-0x000000013fffffff] usable
May  1 06:29:55 localhost kernel: [    0.000000] BIOS-e820: [mem 0x000000fd00000000-0x000000ffffffffff] reserved
May  1 06:29:55 localhost kernel: [    0.000000] NX (Execute Disable) protection: active
May  1 06:29:55 localhost kernel: [    0.000000] user-defined physical RAM map:
May  1 06:29:55 localhost kernel: [    0.000000] user: [mem 0x0000000000000000-0x000000000009fbff] usable
May  1 06:29:55 localhost kernel: [    0.000000] user: [mem 0x000000000009fc00-0x000000000009ffff] reserved
May  1 06:29:55 localhost kernel: [    0.000000] user: [mem 0x00000000000f0000-0x00000000000fffff] reserved
May  1 06:29:55 localhost kernel: [    0.000000] user: [mem 0x0000000000100000-0x00000000bffdffff] usable
May  1 06:29:55 localhost kernel: [    0.000000] user: [mem 0x00000000bffe0000-0x00000000bfffffff] reserved
May  1 06:29:55 localhost kernel: [    0.000000] user: [mem 0x00000000fffc0000-0x00000000ffffffff] reserved
May  1 06:29:55 localhost kernel: [    0.000000] user: [mem 0x000000fd00000000-0x000000ffffffffff] reserved
May  1 06:29:55 localhost kernel: [    0.000000] SMBIOS 2.8 present.
May  1 06:29:55 localhost kernel: [    0.000000] DMI: QEMU Standard PC (i440FX + PIIX, 1996), BIOS 1.16.0-debian-1.16.0-5 04/01/2014
May  1 06:29:55 localhost kernel: [    0.000000] tsc: Fast TSC calibration using PIT
May  1 06:29:55 localhost kernel: [    0.000000] tsc: Detected 3193.987 MHz processor
May  1 06:29:55 localhost kernel: [    0.017317] last_pfn = 0xbffe0 max_arch_pfn = 0x400000000
May  1 06:29:55 localhost kernel: [    0.018031] x86/PAT: Configuration [0-7]: WB  WC  UC- UC  WB  WP  UC- WT  
May  1 06:29:55 localhost kernel: [    0.030160] found SMP MP-table at [mem 0x000f5b90-0x000f5b9f]
May  1 06:29:55 localhost kernel: [    0.034498] RAMDISK: [mem 0xbb1e9000-0xbffdffff]
May  1 06:29:55 localhost kernel: [    0.034841] ACPI: Early table checksum verification disabled
May  1 06:29:55 localhost kernel: [    0.035145] ACPI: RSDP 0x00000000000F59A0 000014 (v00 BOCHS )
May  1 06:29:55 localhost kernel: [    0.035409] ACPI: RSDT 0x00000000BFFE1BDD 000034 (v01 BOCHS  BXPC     00000001 BXPC 00000001)
May  1 06:29:55 localhost kernel: [    0.035886] ACPI: FACP 0x00000000BFFE1A79 000074 (v01 BOCHS  BXPC     00000001 BXPC 00000001)
May  1 06:29:55 localhost kernel: [    0.036392] ACPI: DSDT 0x00000000BFFE0040 001A39 (v01 BOCHS  BXPC     00000001 BXPC 00000001)
May  1 06:29:55 localhost kernel: [    0.036462] ACPI: FACS 0x00000000BFFE0000 000040
May  1 06:29:55 localhost kernel: [    0.036508] ACPI: APIC 0x00000000BFFE1AED 000090 (v01 BOCHS  BXPC     00000001 BXPC 00000001)
May  1 06:29:55 localhost kernel: [    0.036531] ACPI: HPET 0x00000000BFFE1B7D 000038 (v01 BOCHS  BXPC     00000001 BXPC 00000001)
May  1 06:29:55 localhost kernel: [    0.036551] ACPI: WAET 0x00000000BFFE1BB5 000028 (v01 BOCHS  BXPC     00000001 BXPC 00000001)
May  1 06:29:55 localhost kernel: [    0.036621] ACPI: Reserving FACP table memory at [mem 0xbffe1a79-0xbffe1aec]
May  1 06:29:55 localhost kernel: [    0.036647] ACPI: Reserving DSDT table memory at [mem 0xbffe0040-0xbffe1a78]
May  1 06:29:55 localhost kernel: [    0.036654] ACPI: Reserving FACS table memory at [mem 0xbffe0000-0xbffe003f]
May  1 06:29:55 localhost kernel: [    0.036660] ACPI: Reserving APIC table memory at [mem 0xbffe1aed-0xbffe1b7c]
May  1 06:29:55 localhost kernel: [    0.036665] ACPI: Reserving HPET table memory at [mem 0xbffe1b7d-0xbffe1bb4]
May  1 06:29:55 localhost kernel: [    0.036669] ACPI: Reserving WAET table memory at [mem 0xbffe1bb5-0xbffe1bdc]
May  1 06:29:55 localhost kernel: [    0.038762] No NUMA configuration found
May  1 06:29:55 localhost kernel: [    0.038781] Faking a node at [mem 0x0000000000000000-0x00000000bffdffff]
May  1 06:29:55 localhost kernel: [    0.039406] NODE_DATA(0) allocated [mem 0xbb1be000-0xbb1e8fff]
May  1 06:29:55 localhost kernel: [    0.041581] Reserving 128MB of memory at 2848MB for crashkernel (System RAM: 3071MB)
May  1 06:29:55 localhost kernel: [    0.043148] Zone ranges:
May  1 06:29:55 localhost kernel: [    0.043168]   DMA      [mem 0x0000000000001000-0x0000000000ffffff]
May  1 06:29:55 localhost kernel: [    0.043231]   DMA32    [mem 0x0000000001000000-0x00000000bffdffff]
May  1 06:29:55 localhost kernel: [    0.043242]   Normal   empty
May  1 06:29:55 localhost kernel: [    0.043259]   Device   empty
May  1 06:29:55 localhost kernel: [    0.043280] Movable zone start for each node
May  1 06:29:55 localhost kernel: [    0.043310] Early memory node ranges
May  1 06:29:55 localhost kernel: [    0.043335]   node   0: [mem 0x0000000000001000-0x000000000009efff]
May  1 06:29:55 localhost kernel: [    0.043452]   node   0: [mem 0x0000000000100000-0x00000000bffdffff]
May  1 06:29:55 localhost kernel: [    0.043649] Initmem setup node 0 [mem 0x0000000000001000-0x00000000bffdffff]
May  1 06:29:55 localhost kernel: [    0.044653] On node 0, zone DMA: 1 pages in unavailable ranges
May  1 06:29:55 localhost kernel: [    0.044951] On node 0, zone DMA: 97 pages in unavailable ranges
May  1 06:29:55 localhost kernel: [    0.048235] On node 0, zone DMA32: 32 pages in unavailable ranges
May  1 06:29:55 localhost kernel: [    0.048645] ACPI: PM-Timer IO Port: 0x608
May  1 06:29:55 localhost kernel: [    0.049065] ACPI: LAPIC_NMI (acpi_id[0xff] dfl dfl lint[0x1])
May  1 06:29:55 localhost kernel: [    0.049419] IOAPIC[0]: apic_id 0, version 32, address 0xfec00000, GSI 0-23
May  1 06:29:55 localhost kernel: [    0.049516] ACPI: INT_SRC_OVR (bus 0 bus_irq 0 global_irq 2 dfl dfl)
May  1 06:29:55 localhost kernel: [    0.049708] ACPI: INT_SRC_OVR (bus 0 bus_irq 5 global_irq 5 high level)
May  1 06:29:55 localhost kernel: [    0.049733] ACPI: INT_SRC_OVR (bus 0 bus_irq 9 global_irq 9 high level)
May  1 06:29:55 localhost kernel: [    0.049814] ACPI: INT_SRC_OVR (bus 0 bus_irq 10 global_irq 10 high level)
May  1 06:29:55 localhost kernel: [    0.049823] ACPI: INT_SRC_OVR (bus 0 bus_irq 11 global_irq 11 high level)
May  1 06:29:55 localhost kernel: [    0.049988] ACPI: Using ACPI (MADT) for SMP configuration information
May  1 06:29:55 localhost kernel: [    0.050025] ACPI: HPET id: 0x8086a201 base: 0xfed00000
May  1 06:29:55 localhost kernel: [    0.050279] smpboot: Allowing 4 CPUs, 0 hotplug CPUs
May  1 06:29:55 localhost kernel: [    0.051083] PM: hibernation: Registered nosave memory: [mem 0x00000000-0x00000fff]
May  1 06:29:55 localhost kernel: [    0.051128] PM: hibernation: Registered nosave memory: [mem 0x0009f000-0x0009ffff]
May  1 06:29:55 localhost kernel: [    0.051140] PM: hibernation: Registered nosave memory: [mem 0x000a0000-0x000effff]
May  1 06:29:55 localhost kernel: [    0.051145] PM: hibernation: Registered nosave memory: [mem 0x000f0000-0x000fffff]
May  1 06:29:55 localhost kernel: [    0.051233] [mem 0xc0000000-0xfffbffff] available for PCI devices
May  1 06:29:55 localhost kernel: [    0.051258] Booting paravirtualized kernel on bare hardware
May  1 06:29:55 localhost kernel: [    0.051508] clocksource: refined-jiffies: mask: 0xffffffff max_cycles: 0xffffffff, max_idle_ns: 1910969940391419 ns
May  1 06:29:55 localhost kernel: [    0.060690] setup_percpu: NR_CPUS:8192 nr_cpumask_bits:4 nr_cpu_ids:4 nr_node_ids:1
May  1 06:29:55 localhost kernel: [    0.067329] percpu: Embedded 60 pages/cpu s208896 r8192 d28672 u524288
May  1 06:29:55 localhost kernel: [    0.068791] Fallback order for Node 0: 0 
May  1 06:29:55 localhost kernel: [    0.069010] Built 1 zonelists, mobility grouping on.  Total pages: 773856
May  1 06:29:55 localhost kernel: [    0.069025] Policy zone: DMA32
May  1 06:29:55 localhost kernel: [    0.069166] Kernel command line: root=/dev/sda2 rw console=ttyS0 systemd.default_timeout_start_sec=600 selinux=0 highres=off mem=4096M earlycon crashkernel=128M
May  1 06:29:55 localhost kernel: [    0.078349] Dentry cache hash table entries: 524288 (order: 10, 4194304 bytes, linear)
May  1 06:29:55 localhost kernel: [    0.082320] Inode-cache hash table entries: 262144 (order: 9, 2097152 bytes, linear)
May  1 06:29:55 localhost kernel: [    0.084590] mem auto-init: stack:off, heap alloc:off, heap free:off
May  1 06:29:55 localhost kernel: [    0.137430] Memory: 260860K/3145208K available (14343K kernel code, 5519K rwdata, 8004K rodata, 2712K init, 17664K bss, 323412K reserved, 0K cma-reserved)
May  1 06:29:55 localhost kernel: [    0.141750] SLUB: HWalign=64, Order=0-3, MinObjects=0, CPUs=4, Nodes=1
May  1 06:29:55 localhost kernel: [    0.142659] ftrace: allocating 45711 entries in 179 pages
May  1 06:29:55 localhost kernel: [    0.184429] ftrace: allocated 179 pages with 5 groups
May  1 06:29:55 localhost kernel: [    0.193224] Dynamic Preempt: none
May  1 06:29:55 localhost kernel: [    0.195878] rcu: Preemptible hierarchical RCU implementation.
May  1 06:29:55 localhost kernel: [    0.195907] rcu: #011RCU restricting CPUs from NR_CPUS=8192 to nr_cpu_ids=4.
May  1 06:29:55 localhost kernel: [    0.195992] #011Trampoline variant of Tasks RCU enabled.
May  1 06:29:55 localhost kernel: [    0.195998] #011Rude variant of Tasks RCU enabled.
May  1 06:29:55 localhost kernel: [    0.196004] #011Tracing variant of Tasks RCU enabled.
May  1 06:29:55 localhost kernel: [    0.196082] rcu: RCU calculated value of scheduler-enlistment delay is 100 jiffies.
May  1 06:29:55 localhost kernel: [    0.196108] rcu: Adjusting geometry for rcu_fanout_leaf=16, nr_cpu_ids=4
May  1 06:29:55 localhost kernel: [    0.221916] NR_IRQS: 524544, nr_irqs: 456, preallocated irqs: 16
May  1 06:29:55 localhost kernel: [    0.226514] rcu: srcu_init: Setting srcu_struct sizes based on contention.
May  1 06:29:55 localhost kernel: [    0.230637] Console: colour VGA+ 80x25
May  1 06:29:55 localhost kernel: [    0.239242] printk: console [ttyS0] enabled
May  1 06:29:55 localhost kernel: [    0.240265] ACPI: Core revision 20220331
May  1 06:29:55 localhost kernel: [    0.244023] clocksource: hpet: mask: 0xffffffff max_cycles: 0xffffffff, max_idle_ns: 19112604467 ns
May  1 06:29:55 localhost kernel: [    0.248216] APIC: Switch to symmetric I/O mode setup
May  1 06:29:55 localhost kernel: [    0.251093] ..TIMER: vector=0x30 apic1=0 pin1=2 apic2=-1 pin2=-1
May  1 06:29:55 localhost kernel: [    0.256105] tsc: Marking TSC unstable due to TSCs unsynchronized
May  1 06:29:55 localhost kernel: [    0.256440] Calibrating delay loop (skipped), value calculated using timer frequency.. 6387.97 BogoMIPS (lpj=3193987)
May  1 06:29:55 localhost kernel: [    0.256734] pid_max: default: 32768 minimum: 301
May  1 06:29:55 localhost kernel: [    0.257989] LSM: Security Framework initializing
May  1 06:29:55 localhost kernel: [    0.258751] Yama: becoming mindful.
May  1 06:29:55 localhost kernel: [    0.260837] AppArmor: AppArmor initialized
May  1 06:29:55 localhost kernel: [    0.263069] Mount-cache hash table entries: 8192 (order: 4, 65536 bytes, linear)
May  1 06:29:55 localhost kernel: [    0.263190] Mountpoint-cache hash table entries: 8192 (order: 4, 65536 bytes, linear)
May  1 06:29:55 localhost kernel: [    0.279027] process: using AMD E400 aware idle routine
May  1 06:29:55 localhost kernel: [    0.279293] Last level iTLB entries: 4KB 512, 2MB 255, 4MB 127
May  1 06:29:55 localhost kernel: [    0.279372] Last level dTLB entries: 4KB 512, 2MB 255, 4MB 127, 1GB 0
May  1 06:29:55 localhost kernel: [    0.279658] Spectre V1 : Mitigation: usercopy/swapgs barriers and __user pointer sanitization
May  1 06:29:55 localhost kernel: [    0.279902] Spectre V2 : Mitigation: Retpolines
May  1 06:29:55 localhost kernel: [    0.279964] Spectre V2 : Spectre v2 / SpectreRSB mitigation: Filling RSB on context switch
May  1 06:29:55 localhost kernel: [    0.280055] Spectre V2 : Spectre v2 / SpectreRSB : Filling RSB on VMEXIT
May  1 06:29:55 localhost kernel: [    0.394744] Freeing SMP alternatives memory: 36K
May  1 06:29:55 localhost kernel: [    0.508274] smpboot: CPU0: AMD QEMU Virtual CPU version 2.5+ (family: 0xf, model: 0x6b, stepping: 0x1)
May  1 06:29:55 localhost kernel: [    0.512476] cblist_init_generic: Setting adjustable number of callback queues.
May  1 06:29:55 localhost kernel: [    0.512676] cblist_init_generic: Setting shift to 2 and lim to 1.
May  1 06:29:55 localhost kernel: [    0.512972] cblist_init_generic: Setting shift to 2 and lim to 1.
May  1 06:29:55 localhost kernel: [    0.513388] cblist_init_generic: Setting shift to 2 and lim to 1.
May  1 06:29:55 localhost kernel: [    0.513654] Performance Events: PMU not available due to virtualization, using software events only.
May  1 06:29:55 localhost kernel: [    0.515058] rcu: Hierarchical SRCU implementation.
May  1 06:29:55 localhost kernel: [    0.515161] rcu: #011Max phase no-delay instances is 400.
May  1 06:29:55 localhost kernel: [    0.519733] NMI watchdog: Perf NMI watchdog permanently disabled
May  1 06:29:55 localhost kernel: [    0.523186] smp: Bringing up secondary CPUs ...
May  1 06:29:55 localhost kernel: [    0.526175] x86: Booting SMP configuration:
May  1 06:29:55 localhost kernel: [    0.526291] .... node  #0, CPUs:      #1 #2 #3
May  1 06:29:55 localhost kernel: [    0.717320] smp: Brought up 1 node, 4 CPUs
May  1 06:29:55 localhost kernel: [    0.717500] smpboot: Max logical packages: 1
May  1 06:29:55 localhost kernel: [    0.717614] smpboot: Total of 4 processors activated (25549.64 BogoMIPS)
May  1 06:29:55 localhost kernel: [    0.747655] node 0 deferred pages initialised in 25ms
May  1 06:29:55 localhost kernel: [    0.758013] devtmpfs: initialized
May  1 06:29:55 localhost kernel: [    0.761112] x86/mm: Memory block size: 128MB
May  1 06:29:55 localhost kernel: [    0.767410] clocksource: jiffies: mask: 0xffffffff max_cycles: 0xffffffff, max_idle_ns: 1911260446275000 ns
May  1 06:29:55 localhost kernel: [    0.767694] futex hash table entries: 1024 (order: 4, 65536 bytes, linear)
May  1 06:29:55 localhost kernel: [    0.769988] pinctrl core: initialized pinctrl subsystem
May  1 06:29:55 localhost kernel: [    0.778551] NET: Registered PF_NETLINK/PF_ROUTE protocol family
May  1 06:29:55 localhost kernel: [    0.781323] DMA: preallocated 512 KiB GFP_KERNEL pool for atomic allocations
May  1 06:29:55 localhost kernel: [    0.781627] DMA: preallocated 512 KiB GFP_KERNEL|GFP_DMA pool for atomic allocations
May  1 06:29:55 localhost kernel: [    0.781876] DMA: preallocated 512 KiB GFP_KERNEL|GFP_DMA32 pool for atomic allocations
May  1 06:29:55 localhost kernel: [    0.782125] audit: initializing netlink subsys (disabled)
May  1 06:29:55 localhost kernel: [    0.783503] audit: type=2000 audit(1682922579.537:1): state=initialized audit_enabled=0 res=1
May  1 06:29:55 localhost kernel: [    0.786908] thermal_sys: Registered thermal governor 'fair_share'
May  1 06:29:55 localhost kernel: [    0.786937] thermal_sys: Registered thermal governor 'bang_bang'
May  1 06:29:55 localhost kernel: [    0.787021] thermal_sys: Registered thermal governor 'step_wise'
May  1 06:29:55 localhost kernel: [    0.787082] thermal_sys: Registered thermal governor 'user_space'
May  1 06:29:55 localhost kernel: [    0.787452] cpuidle: using governor menu
May  1 06:29:55 localhost kernel: [    0.788594] acpiphp: ACPI Hot Plug PCI Controller Driver version: 0.5
May  1 06:29:55 localhost kernel: [    0.792785] PCI: Using configuration type 1 for base access
May  1 06:29:55 localhost kernel: [    0.794394] mtrr: your CPUs had inconsistent fixed MTRR settings
May  1 06:29:55 localhost kernel: [    0.794478] mtrr: your CPUs had inconsistent variable MTRR settings
May  1 06:29:55 localhost kernel: [    0.794548] mtrr: your CPUs had inconsistent MTRRdefType settings
May  1 06:29:55 localhost kernel: [    0.794610] mtrr: probably your BIOS does not setup all CPUs.
May  1 06:29:55 localhost kernel: [    0.794669] mtrr: corrected configuration.
May  1 06:29:55 localhost kernel: [    0.805986] kprobes: kprobe jump-optimization is enabled. All kprobes are optimized if possible.
May  1 06:29:55 localhost kernel: [    0.809343] HugeTLB: registered 2.00 MiB page size, pre-allocated 0 pages
May  1 06:29:55 localhost kernel: [    0.809457] HugeTLB: 28 KiB vmemmap can be freed for a 2.00 MiB page
May  1 06:29:55 localhost kernel: [    0.814333] cryptd: max_cpu_qlen set to 1000
May  1 06:29:55 localhost kernel: [    0.818366] ACPI: Added _OSI(Module Device)
May  1 06:29:55 localhost kernel: [    0.818459] ACPI: Added _OSI(Processor Device)
May  1 06:29:55 localhost kernel: [    0.818511] ACPI: Added _OSI(3.0 _SCP Extensions)
May  1 06:29:55 localhost kernel: [    0.818561] ACPI: Added _OSI(Processor Aggregator Device)
May  1 06:29:55 localhost kernel: [    0.828370] ACPI: 1 ACPI AML tables successfully acquired and loaded
May  1 06:29:55 localhost kernel: [    0.841612] ACPI: Interpreter enabled
May  1 06:29:55 localhost kernel: [    0.842503] ACPI: PM: (supports S0 S3 S4 S5)
May  1 06:29:55 localhost kernel: [    0.842588] ACPI: Using IOAPIC for interrupt routing
May  1 06:29:55 localhost kernel: [    0.843174] PCI: Using host bridge windows from ACPI; if necessary, use "pci=nocrs" and report a bug
May  1 06:29:55 localhost kernel: [    0.843334] PCI: Using E820 reservations for host bridge windows
May  1 06:29:55 localhost kernel: [    0.845089] ACPI: Enabled 2 GPEs in block 00 to 0F
May  1 06:29:55 localhost kernel: [    0.874366] ACPI: PCI Root Bridge [PCI0] (domain 0000 [bus 00-ff])
May  1 06:29:55 localhost kernel: [    0.874992] acpi PNP0A03:00: _OSC: OS supports [ASPM ClockPM Segments MSI HPX-Type3]
May  1 06:29:55 localhost kernel: [    0.875195] acpi PNP0A03:00: _OSC: not requesting OS control; OS requires [ExtendedConfig ASPM ClockPM MSI]
May  1 06:29:55 localhost kernel: [    0.875832] acpi PNP0A03:00: fail to add MMCONFIG information, can't access extended PCI configuration space under this bridge.
May  1 06:29:55 localhost kernel: [    0.883963] acpiphp: Slot [3] registered
May  1 06:29:55 localhost kernel: [    0.884165] acpiphp: Slot [4] registered
May  1 06:29:55 localhost kernel: [    0.884414] acpiphp: Slot [5] registered
May  1 06:29:55 localhost kernel: [    0.884609] acpiphp: Slot [6] registered
May  1 06:29:55 localhost kernel: [    0.884863] acpiphp: Slot [7] registered
May  1 06:29:55 localhost kernel: [    0.885084] acpiphp: Slot [8] registered
May  1 06:29:55 localhost kernel: [    0.885331] acpiphp: Slot [9] registered
May  1 06:29:55 localhost kernel: [    0.885519] acpiphp: Slot [10] registered
May  1 06:29:55 localhost kernel: [    0.885780] acpiphp: Slot [11] registered
May  1 06:29:55 localhost kernel: [    0.885977] acpiphp: Slot [12] registered
May  1 06:29:55 localhost kernel: [    0.886166] acpiphp: Slot [13] registered
May  1 06:29:55 localhost kernel: [    0.886388] acpiphp: Slot [14] registered
May  1 06:29:55 localhost kernel: [    0.886502] acpiphp: Slot [15] registered
May  1 06:29:55 localhost kernel: [    0.886603] acpiphp: Slot [16] registered
May  1 06:29:55 localhost kernel: [    0.886699] acpiphp: Slot [17] registered
May  1 06:29:55 localhost kernel: [    0.886821] acpiphp: Slot [18] registered
May  1 06:29:55 localhost kernel: [    0.886923] acpiphp: Slot [19] registered
May  1 06:29:55 localhost kernel: [    0.887020] acpiphp: Slot [20] registered
May  1 06:29:55 localhost kernel: [    0.887115] acpiphp: Slot [21] registered
May  1 06:29:55 localhost kernel: [    0.887407] acpiphp: Slot [22] registered
May  1 06:29:55 localhost kernel: [    0.887505] acpiphp: Slot [23] registered
May  1 06:29:55 localhost kernel: [    0.887636] acpiphp: Slot [24] registered
May  1 06:29:55 localhost kernel: [    0.887743] acpiphp: Slot [25] registered
May  1 06:29:55 localhost kernel: [    0.887840] acpiphp: Slot [26] registered
May  1 06:29:55 localhost kernel: [    0.887934] acpiphp: Slot [27] registered
May  1 06:29:55 localhost kernel: [    0.888029] acpiphp: Slot [28] registered
May  1 06:29:55 localhost kernel: [    0.888140] acpiphp: Slot [29] registered
May  1 06:29:55 localhost kernel: [    0.888255] acpiphp: Slot [30] registered
May  1 06:29:55 localhost kernel: [    0.888415] acpiphp: Slot [31] registered
May  1 06:29:55 localhost kernel: [    0.888701] PCI host bridge to bus 0000:00
May  1 06:29:55 localhost kernel: [    0.888889] pci_bus 0000:00: root bus resource [io  0x0000-0x0cf7 window]
May  1 06:29:55 localhost kernel: [    0.889043] pci_bus 0000:00: root bus resource [io  0x0d00-0xffff window]
May  1 06:29:55 localhost kernel: [    0.889115] pci_bus 0000:00: root bus resource [mem 0x000a0000-0x000bffff window]
May  1 06:29:55 localhost kernel: [    0.889243] pci_bus 0000:00: root bus resource [mem 0xc0000000-0xfebfffff window]
May  1 06:29:55 localhost kernel: [    0.889450] pci_bus 0000:00: root bus resource [mem 0x140000000-0x1bfffffff window]
May  1 06:29:55 localhost kernel: [    0.889799] pci_bus 0000:00: root bus resource [bus 00-ff]
May  1 06:29:55 localhost kernel: [    0.891401] pci 0000:00:00.0: [8086:1237] type 00 class 0x060000
May  1 06:29:55 localhost kernel: [    0.899120] pci 0000:00:01.0: [8086:7000] type 00 class 0x060100
May  1 06:29:55 localhost kernel: [    0.902488] pci 0000:00:01.1: [8086:7010] type 00 class 0x010180
May  1 06:29:55 localhost kernel: [    0.906534] pci 0000:00:01.1: reg 0x20: [io  0xc060-0xc06f]
May  1 06:29:55 localhost kernel: [    0.908676] pci 0000:00:01.1: legacy IDE quirk: reg 0x10: [io  0x01f0-0x01f7]
May  1 06:29:55 localhost kernel: [    0.908796] pci 0000:00:01.1: legacy IDE quirk: reg 0x14: [io  0x03f6]
May  1 06:29:55 localhost kernel: [    0.908889] pci 0000:00:01.1: legacy IDE quirk: reg 0x18: [io  0x0170-0x0177]
May  1 06:29:55 localhost kernel: [    0.908974] pci 0000:00:01.1: legacy IDE quirk: reg 0x1c: [io  0x0376]
May  1 06:29:55 localhost kernel: [    0.909836] pci 0000:00:01.3: [8086:7113] type 00 class 0x068000
May  1 06:29:55 localhost kernel: [    0.910188] pci 0000:00:01.3: quirk: [io  0x0600-0x063f] claimed by PIIX4 ACPI
May  1 06:29:55 localhost kernel: [    0.910317] pci 0000:00:01.3: quirk: [io  0x0700-0x070f] claimed by PIIX4 SMB
May  1 06:29:55 localhost kernel: [    0.910699] pci 0000:00:02.0: [1234:1111] type 00 class 0x030000
May  1 06:29:55 localhost kernel: [    0.911869] pci 0000:00:02.0: reg 0x10: [mem 0xfd000000-0xfdffffff pref]
May  1 06:29:55 localhost kernel: [    0.914689] pci 0000:00:02.0: reg 0x18: [mem 0xfebd0000-0xfebd0fff]
May  1 06:29:55 localhost kernel: [    0.918300] pci 0000:00:02.0: reg 0x30: [mem 0xfebc0000-0xfebcffff pref]
May  1 06:29:55 localhost kernel: [    0.918678] pci 0000:00:02.0: Video device with shadowed ROM at [mem 0x000c0000-0x000dffff]
May  1 06:29:55 localhost kernel: [    0.922297] pci 0000:00:03.0: [1af4:1005] type 00 class 0x00ff00
May  1 06:29:55 localhost kernel: [    0.923274] pci 0000:00:03.0: reg 0x10: [io  0xc000-0xc01f]
May  1 06:29:55 localhost kernel: [    0.925992] pci 0000:00:03.0: reg 0x14: [mem 0xfebd1000-0xfebd1fff]
May  1 06:29:55 localhost kernel: [    0.930102] pci 0000:00:03.0: reg 0x20: [mem 0xfe000000-0xfe003fff 64bit pref]
May  1 06:29:55 localhost kernel: [    0.934451] pci 0000:00:04.0: [1af4:1009] type 00 class 0x000200
May  1 06:29:55 localhost kernel: [    0.936192] pci 0000:00:04.0: reg 0x10: [io  0xc020-0xc03f]
May  1 06:29:55 localhost kernel: [    0.937853] pci 0000:00:04.0: reg 0x14: [mem 0xfebd2000-0xfebd2fff]
May  1 06:29:55 localhost kernel: [    0.941789] pci 0000:00:04.0: reg 0x20: [mem 0xfe004000-0xfe007fff 64bit pref]
May  1 06:29:55 localhost kernel: [    0.946363] pci 0000:00:05.0: [1af4:1000] type 00 class 0x020000
May  1 06:29:55 localhost kernel: [    0.947274] pci 0000:00:05.0: reg 0x10: [io  0xc040-0xc05f]
May  1 06:29:55 localhost kernel: [    0.949849] pci 0000:00:05.0: reg 0x14: [mem 0xfebd3000-0xfebd3fff]
May  1 06:29:55 localhost kernel: [    0.953757] pci 0000:00:05.0: reg 0x20: [mem 0xfe008000-0xfe00bfff 64bit pref]
May  1 06:29:55 localhost kernel: [    0.954713] pci 0000:00:05.0: reg 0x30: [mem 0xfeb80000-0xfebbffff pref]
May  1 06:29:55 localhost kernel: [    0.963079] ACPI: PCI: Interrupt link LNKA configured for IRQ 10
May  1 06:29:55 localhost kernel: [    0.963704] ACPI: PCI: Interrupt link LNKB configured for IRQ 10
May  1 06:29:55 localhost kernel: [    0.964133] ACPI: PCI: Interrupt link LNKC configured for IRQ 11
May  1 06:29:55 localhost kernel: [    0.964554] ACPI: PCI: Interrupt link LNKD configured for IRQ 11
May  1 06:29:55 localhost kernel: [    0.964758] ACPI: PCI: Interrupt link LNKS configured for IRQ 9
May  1 06:29:55 localhost kernel: [    0.968533] iommu: Default domain type: Passthrough 
May  1 06:29:55 localhost kernel: [    0.970445] SCSI subsystem initialized
May  1 06:29:55 localhost kernel: [    0.971464] ACPI: bus type USB registered
May  1 06:29:55 localhost kernel: [    0.972550] usbcore: registered new interface driver usbfs
May  1 06:29:55 localhost kernel: [    0.972862] usbcore: registered new interface driver hub
May  1 06:29:55 localhost kernel: [    0.973122] usbcore: registered new device driver usb
May  1 06:29:55 localhost kernel: [    0.973564] pps_core: LinuxPPS API ver. 1 registered
May  1 06:29:55 localhost kernel: [    0.973633] pps_core: Software ver. 5.3.6 - Copyright 2005-2007 Rodolfo Giometti <giometti@linux.it>
May  1 06:29:55 localhost kernel: [    0.973789] PTP clock support registered
May  1 06:29:55 localhost kernel: [    0.975388] EDAC MC: Ver: 3.0.0
May  1 06:29:55 localhost kernel: [    0.982077] NetLabel: Initializing
May  1 06:29:55 localhost kernel: [    0.982169] NetLabel:  domain hash size = 128
May  1 06:29:55 localhost kernel: [    0.982224] NetLabel:  protocols = UNLABELED CIPSOv4 CALIPSO
May  1 06:29:55 localhost kernel: [    0.982883] NetLabel:  unlabeled traffic allowed by default
May  1 06:29:55 localhost kernel: [    0.982972] PCI: Using ACPI for IRQ routing
May  1 06:29:55 localhost kernel: [    0.986672] pci 0000:00:02.0: vgaarb: setting as boot VGA device
May  1 06:29:55 localhost kernel: [    0.986808] pci 0000:00:02.0: vgaarb: bridge control possible
May  1 06:29:55 localhost kernel: [    0.986911] pci 0000:00:02.0: vgaarb: VGA device added: decodes=io+mem,owns=io+mem,locks=none
May  1 06:29:55 localhost kernel: [    0.987030] vgaarb: loaded
May  1 06:29:55 localhost kernel: [    0.989352] hpet: 3 channels of 0 reserved for per-cpu timers
May  1 06:29:55 localhost kernel: [    0.989616] hpet0: at MMIO 0xfed00000, IRQs 2, 8, 0
May  1 06:29:55 localhost kernel: [    0.989750] hpet0: 3 comparators, 64-bit 100.000000 MHz counter
May  1 06:29:55 localhost kernel: [    0.994218] clocksource: Switched to clocksource hpet
May  1 06:29:55 localhost kernel: [    0.997432] VFS: Disk quotas dquot_6.6.0
May  1 06:29:55 localhost kernel: [    0.997643] VFS: Dquot-cache hash table entries: 512 (order 0, 4096 bytes)
May  1 06:29:55 localhost kernel: [    1.000450] AppArmor: AppArmor Filesystem Enabled
May  1 06:29:55 localhost kernel: [    1.000814] pnp: PnP ACPI init
May  1 06:29:55 localhost kernel: [    1.004209] pnp: PnP ACPI: found 6 devices
May  1 06:29:55 localhost kernel: [    1.028756] clocksource: acpi_pm: mask: 0xffffff max_cycles: 0xffffff, max_idle_ns: 2085701024 ns
May  1 06:29:55 localhost kernel: [    1.029831] NET: Registered PF_INET protocol family
May  1 06:29:55 localhost kernel: [    1.030944] IP idents hash table entries: 65536 (order: 7, 524288 bytes, linear)
May  1 06:29:55 localhost kernel: [    1.037541] tcp_listen_portaddr_hash hash table entries: 2048 (order: 3, 32768 bytes, linear)
May  1 06:29:55 localhost kernel: [    1.037781] Table-perturb hash table entries: 65536 (order: 6, 262144 bytes, linear)
May  1 06:29:55 localhost kernel: [    1.037911] TCP established hash table entries: 32768 (order: 6, 262144 bytes, linear)
May  1 06:29:55 localhost kernel: [    1.038477] TCP bind hash table entries: 32768 (order: 8, 1048576 bytes, linear)
May  1 06:29:55 localhost kernel: [    1.039125] TCP: Hash tables configured (established 32768 bind 32768)
May  1 06:29:55 localhost kernel: [    1.039930] UDP hash table entries: 2048 (order: 4, 65536 bytes, linear)
May  1 06:29:55 localhost kernel: [    1.040207] UDP-Lite hash table entries: 2048 (order: 4, 65536 bytes, linear)
May  1 06:29:55 localhost kernel: [    1.041508] NET: Registered PF_UNIX/PF_LOCAL protocol family
May  1 06:29:55 localhost kernel: [    1.041851] NET: Registered PF_XDP protocol family
May  1 06:29:55 localhost kernel: [    1.042603] pci_bus 0000:00: resource 4 [io  0x0000-0x0cf7 window]
May  1 06:29:55 localhost kernel: [    1.042700] pci_bus 0000:00: resource 5 [io  0x0d00-0xffff window]
May  1 06:29:55 localhost kernel: [    1.042796] pci_bus 0000:00: resource 6 [mem 0x000a0000-0x000bffff window]
May  1 06:29:55 localhost kernel: [    1.042871] pci_bus 0000:00: resource 7 [mem 0xc0000000-0xfebfffff window]
May  1 06:29:55 localhost kernel: [    1.042939] pci_bus 0000:00: resource 8 [mem 0x140000000-0x1bfffffff window]
May  1 06:29:55 localhost kernel: [    1.043482] pci 0000:00:01.0: PIIX3: Enabling Passive Release
May  1 06:29:55 localhost kernel: [    1.043614] pci 0000:00:00.0: Limiting direct PCI/PCI transfers
May  1 06:29:55 localhost kernel: [    1.043748] PCI: CLS 0 bytes, default 64
May  1 06:29:55 localhost kernel: [    1.049626] Trying to unpack rootfs image as initramfs...
May  1 06:29:55 localhost kernel: [    1.077405] Initialise system trusted keyrings
May  1 06:29:55 localhost kernel: [    1.078900] Key type blacklist registered
May  1 06:29:55 localhost kernel: [    1.079763] workingset: timestamp_bits=36 max_order=20 bucket_order=0
May  1 06:29:55 localhost kernel: [    1.089448] zbud: loaded
May  1 06:29:55 localhost kernel: [    1.093877] integrity: Platform Keyring initialized
May  1 06:29:55 localhost kernel: [    1.110418] NET: Registered PF_ALG protocol family
May  1 06:29:55 localhost kernel: [    1.110617] Key type asymmetric registered
May  1 06:29:55 localhost kernel: [    1.110721] Asymmetric key parser 'x509' registered
May  1 06:29:55 localhost kernel: [    1.111045] Block layer SCSI generic (bsg) driver version 0.4 loaded (major 247)
May  1 06:29:55 localhost kernel: [    1.111852] io scheduler mq-deadline registered
May  1 06:29:55 localhost kernel: [    1.111954] io scheduler kyber registered
May  1 06:29:55 localhost kernel: [    1.112461] io scheduler bfq registered
May  1 06:29:55 localhost kernel: [    1.125189] shpchp: Standard Hot Plug PCI Controller Driver version: 0.4
May  1 06:29:55 localhost kernel: [    1.128924] input: Power Button as /devices/LNXSYSTM:00/LNXPWRBN:00/input/input0
May  1 06:29:55 localhost kernel: [    1.133105] ACPI: button: Power Button [PWRF]
May  1 06:29:55 localhost kernel: [    1.285397] ACPI: \_SB_.LNKC: Enabled at IRQ 11
May  1 06:29:55 localhost kernel: [    1.420216] ACPI: \_SB_.LNKD: Enabled at IRQ 10
May  1 06:29:55 localhost kernel: [    1.580350] ACPI: \_SB_.LNKA: Enabled at IRQ 10
May  1 06:29:55 localhost kernel: [    1.584148] Serial: 8250/16550 driver, 4 ports, IRQ sharing enabled
May  1 06:29:55 localhost kernel: [    1.587649] 00:04: ttyS0 at I/O 0x3f8 (irq = 4, base_baud = 115200) is a 16550A
May  1 06:29:55 localhost kernel: [    1.595980] Non-volatile memory driver v1.3
May  1 06:29:55 localhost kernel: [    1.606214] random: crng init done
May  1 06:29:55 localhost kernel: [    1.610158] rdac: device handler registered
May  1 06:29:55 localhost kernel: [    1.610981] hp_sw: device handler registered
May  1 06:29:55 localhost kernel: [    1.611073] emc: device handler registered
May  1 06:29:55 localhost kernel: [    1.611585] alua: device handler registered
May  1 06:29:55 localhost kernel: [    1.616158] i8042: PNP: PS/2 Controller [PNP0303:KBD,PNP0f13:MOU] at 0x60,0x64 irq 1,12
May  1 06:29:55 localhost kernel: [    1.619129] serio: i8042 KBD port at 0x60,0x64 irq 1
May  1 06:29:55 localhost kernel: [    1.619470] serio: i8042 AUX port at 0x60,0x64 irq 12
May  1 06:29:55 localhost kernel: [    1.620947] mousedev: PS/2 mouse device common for all mice
May  1 06:29:55 localhost kernel: [    1.622738] rtc_cmos 00:05: RTC can wake from S4
May  1 06:29:55 localhost kernel: [    1.626834] rtc_cmos 00:05: registered as rtc0
May  1 06:29:55 localhost kernel: [    1.627394] rtc_cmos 00:05: setting system clock to 2023-05-01T06:29:41 UTC (1682922581)
May  1 06:29:55 localhost kernel: [    1.627629] input: AT Translated Set 2 keyboard as /devices/platform/i8042/serio0/input/input1
May  1 06:29:55 localhost kernel: [    1.628228] rtc_cmos 00:05: alarms up to one day, y3k, 242 bytes nvram, hpet irqs
May  1 06:29:55 localhost kernel: [    1.632197] hid: raw HID events driver (C) Jiri Kosina
May  1 06:29:55 localhost kernel: [    1.632907] usbcore: registered new interface driver usbhid
May  1 06:29:55 localhost kernel: [    1.633063] usbhid: USB HID core driver
May  1 06:29:55 localhost kernel: [    1.633446] drop_monitor: Initializing network drop monitor service
May  1 06:29:55 localhost kernel: [    1.669062] Initializing XFRM netlink socket
May  1 06:29:55 localhost kernel: [    1.670221] NET: Registered PF_INET6 protocol family
May  1 06:29:55 localhost kernel: [    1.676664] Segment Routing with IPv6
May  1 06:29:55 localhost kernel: [    1.676875] In-situ OAM (IOAM) with IPv6
May  1 06:29:55 localhost kernel: [    1.677277] NET: Registered PF_PACKET protocol family
May  1 06:29:55 localhost kernel: [    1.677886] mpls_gso: MPLS GSO support
May  1 06:29:55 localhost kernel: [    1.681582] IPI shorthand broadcast: enabled
May  1 06:29:55 localhost kernel: [    1.683636] registered taskstats version 1
May  1 06:29:55 localhost kernel: [    1.685204] Loading compiled-in X.509 certificates
May  1 06:29:55 localhost kernel: [    1.741978] Loaded X.509 cert 'Build time autogenerated kernel key: fabf738f88d960b3ac67d23029870a78cd5c6d9a'
May  1 06:29:55 localhost kernel: [    1.746425] zswap: loaded using pool lzo/zbud
May  1 06:29:55 localhost kernel: [    2.488851] input: ImExPS/2 Generic Explorer Mouse as /devices/platform/i8042/serio1/input/input3
May  1 06:29:55 localhost kernel: [   14.392884] Freeing initrd memory: 79836K
May  1 06:29:55 localhost kernel: [   14.489803] Key type encrypted registered
May  1 06:29:55 localhost kernel: [   14.489990] AppArmor: AppArmor sha1 policy hashing enabled
May  1 06:29:55 localhost kernel: [   14.490526] ima: No TPM chip found, activating TPM-bypass!
May  1 06:29:55 localhost kernel: [   14.490708] ima: Allocated hash algorithm: sha256
May  1 06:29:55 localhost kernel: [   14.491961] ima: No architecture policies found
May  1 06:29:55 localhost kernel: [   14.492432] evm: Initialising EVM extended attributes:
May  1 06:29:55 localhost kernel: [   14.492504] evm: security.selinux
May  1 06:29:55 localhost kernel: [   14.492561] evm: security.SMACK64 (disabled)
May  1 06:29:55 localhost kernel: [   14.492607] evm: security.SMACK64EXEC (disabled)
May  1 06:29:55 localhost kernel: [   14.492654] evm: security.SMACK64TRANSMUTE (disabled)
May  1 06:29:55 localhost kernel: [   14.492702] evm: security.SMACK64MMAP (disabled)
May  1 06:29:55 localhost kernel: [   14.492747] evm: security.apparmor
May  1 06:29:55 localhost kernel: [   14.492783] evm: security.ima
May  1 06:29:55 localhost kernel: [   14.492816] evm: security.capability
May  1 06:29:55 localhost kernel: [   14.492861] evm: HMAC attrs: 0x1
May  1 06:29:55 localhost kernel: [   14.692994] Unstable clock detected, switching default tracing clock to "global"#012If you want to keep using the local clock, then add:#012  "trace_clock=local"#012on the kernel command line
May  1 06:29:55 localhost kernel: [   14.697606] integrity: Unable to open file: /etc/keys/x509_ima.der (-2)
May  1 06:29:55 localhost kernel: [   14.697678] integrity: Unable to open file: /etc/keys/x509_evm.der (-2)
May  1 06:29:55 localhost kernel: [   14.706332] Freeing unused decrypted memory: 2036K
May  1 06:29:55 localhost kernel: [   14.800481] Freeing unused kernel image (initmem) memory: 2712K
May  1 06:29:55 localhost kernel: [   14.800798] Write protecting the kernel read-only data: 24576k
May  1 06:29:55 localhost kernel: [   14.803820] Freeing unused kernel image (text/rodata gap) memory: 2040K
May  1 06:29:55 localhost kernel: [   14.804450] Freeing unused kernel image (rodata/data gap) memory: 188K
May  1 06:29:55 localhost kernel: [   14.804871] Run /init as init process
May  1 06:29:55 localhost systemd[1]: [   14.914059] systemd v249-49.oe2303 running in system mode (+PAM +AUDIT +SELINUX -APPARMOR +IMA -SMACK +SECCOMP +GCRYPT +GNUTLS -OPENSSL +ACL +BLKID -CURL -ELFUTILS -FIDO2 +IDN2 -IDN -IPTC +KMOD -LIBCRYPTSETUP +LIBFDISK +PCRE2 -PWQUALITY +P11KIT -QRENCODE +BZIP2 +LZ4 +XZ +ZLIB -ZSTD +XKBCOMMON +UTMP +SYSVINIT default-hierarchy=legacy)
May  1 06:29:55 localhost systemd[1]: [   14.916054] Detected virtualization qemu.
May  1 06:29:55 localhost systemd[1]: [   14.916235] Detected architecture x86-64.
May  1 06:29:55 localhost systemd[1]: [   14.916424] Running in initial RAM disk.
May  1 06:29:55 localhost systemd[1]: [   14.976993] No hostname configured, using default hostname.
May  1 06:29:55 localhost systemd[1]: [   14.977896] Hostname set to <localhost>.
May  1 06:29:55 localhost systemd[1]: [   14.982029] Initializing machine ID from random generator.
May  1 06:29:55 localhost systemd[1]: [   15.623810] Queued start job for default target Initrd Default Target.
May  1 06:29:55 localhost systemd[1]: [   15.629789] Reached target Slice Units.
May  1 06:29:55 localhost systemd[1]: [   15.632532] Reached target Swaps.
May  1 06:29:55 localhost systemd[1]: [   15.633124] Reached target Timer Units.
May  1 06:29:55 localhost systemd[1]: [   15.636627] Listening on Journal Socket (/dev/log).
May  1 06:29:55 localhost systemd[1]: [   15.638691] Listening on Journal Socket.
May  1 06:29:55 localhost systemd[1]: [   15.641286] Listening on udev Control Socket.
May  1 06:29:55 localhost systemd[1]: [   15.643123] Listening on udev Kernel Socket.
May  1 06:29:55 localhost systemd[1]: [   15.643851] Reached target Socket Units.
May  1 06:29:55 localhost systemd[1]: [   15.774660] Starting Create List of Static Device Nodes...
May  1 06:29:55 localhost systemd[1]: [   15.783801] Started Hardware RNG Entropy Gatherer Daemon.
May  1 06:29:55 localhost systemd[1]: [   15.788467] systemd-journald.service: unit configures an IP firewall, but the local system does not support BPF/cgroup firewalling.
May  1 06:29:55 localhost systemd[1]: [   15.788635] (This warning is only shown for the first unit using IP firewalling.)
May  1 06:29:55 localhost systemd[1]: [   15.806715] Starting Journal Service...
May  1 06:29:55 localhost systemd[1]: [   15.816419] Starting Load Kernel Modules...
May  1 06:29:55 localhost systemd[1]: [   15.824763] Starting Setup Virtual Console...
May  1 06:29:55 localhost systemd[1]: [   15.865780] Finished Create List of Static Device Nodes.
May  1 06:29:55 localhost systemd[1]: [   15.872184] Finished Load Kernel Modules.
May  1 06:29:55 localhost systemd[1]: [   15.910461] Starting Apply Kernel Variables...
May  1 06:29:55 localhost systemd[1]: [   15.918881] Starting Create Static Device Nodes in /dev...
May  1 06:29:55 localhost systemd[1]: [   15.977785] Finished Create Static Device Nodes in /dev.
May  1 06:29:55 localhost systemd[1]: [   16.001065] Finished Apply Kernel Variables.
May  1 06:29:55 localhost systemd-journald[228]: Journal started
May  1 06:29:55 localhost systemd-journald[228]: Runtime Journal (/run/log/journal/b4a9a415e72f49c4832559d0f75feb10) is 7.1M, max 56.8M, 49.7M free.
May  1 06:29:55 localhost systemd-modules-load[230]: Module 'msr' is built in
May  1 06:29:55 localhost systemd[1]: [   16.048822] Started Journal Service.
May  1 06:29:55 localhost rngd[226]: Initializing available sources
May  1 06:29:55 localhost rngd[226]: [hwrng ]: Initialized
May  1 06:29:55 localhost rngd[226]: [rdrand]: Initialization Failed
May  1 06:29:55 localhost rngd[226]: [jitter]: JITTER timeout set to 5 sec
May  1 06:29:56 localhost rngd[226]: [jitter]: Initializing AES buffer
May  1 06:29:56 localhost systemd[1]: Finished Setup Virtual Console.
May  1 06:29:56 localhost systemd[1]: Starting dracut ask for additional cmdline parameters...
May  1 06:29:56 localhost systemd[1]: Finished dracut ask for additional cmdline parameters.
May  1 06:29:56 localhost systemd[1]: Starting dracut cmdline hook...
May  1 06:29:56 localhost dracut-cmdline[262]: dracut-23.03 dracut-059-2.oe2303
May  1 06:29:56 localhost dracut-cmdline[262]: Using kernel command line parameters:  rd.driver.pre=btrfs   root=/dev/sda2 rw console=ttyS0 systemd.default_timeout_start_sec=600 selinux=0 highres=off mem=4096M earlycon crashkernel=128M
May  1 06:29:57 localhost dracut-cmdline[262]: Loading openEuler 23.03 x86_64 installer...
May  1 06:29:58 localhost systemd[1]: Finished dracut cmdline hook.
May  1 06:29:58 localhost systemd[1]: Starting dracut pre-udev hook...
May  1 06:29:59 localhost kernel: [   19.567925] squashfs: version 4.0 (2009/01/31) Phillip Lougher
May  1 06:29:59 localhost dracut-pre-udev[518]: anaconda-modprobe: Module iscsi_tcp not found
May  1 06:29:59 localhost dracut-pre-udev[518]: anaconda-modprobe: Module edd not found
May  1 06:29:59 localhost dracut-pre-udev[518]: anaconda-modprobe: Module iscsi_ibft not found
May  1 06:30:00 localhost kernel: [   20.166373] raid6: sse2x4   gen()  1473 MB/s
May  1 06:30:00 localhost kernel: [   20.183352] raid6: sse2x2   gen()  1306 MB/s
May  1 06:30:00 localhost kernel: [   20.200339] raid6: sse2x1   gen()  1331 MB/s
May  1 06:30:00 localhost kernel: [   20.200485] raid6: using algorithm sse2x4 gen() 1473 MB/s
May  1 06:30:00 localhost kernel: [   20.217378] raid6: .... xor() 953 MB/s, rmw enabled
May  1 06:30:00 localhost kernel: [   20.217580] raid6: using intx1 recovery algorithm
May  1 06:30:00 localhost kernel: [   20.228637] xor: measuring software checksum speed
May  1 06:30:00 localhost kernel: [   20.238147]    prefetch64-sse  :  1150 MB/sec
May  1 06:30:00 localhost kernel: [   20.247342]    generic_sse     :  1161 MB/sec
May  1 06:30:00 localhost kernel: [   20.247464] xor: using function: generic_sse (1161 MB/sec)
May  1 06:30:00 localhost kernel: [   20.259057] async_tx: api initialized (async)
May  1 06:30:01 localhost rngd[226]: [jitter]: Unable to obtain AES key, disabling JITTER source
May  1 06:30:01 localhost rngd[226]: [jitter]: Initialization Failed
May  1 06:30:01 localhost kernel: [   21.213759] device-mapper: core: CONFIG_IMA_DISABLE_HTABLE is disabled. Duplicate IMA measurements will not be recorded in the IMA log.
May  1 06:30:01 localhost kernel: [   21.214120] device-mapper: uevent: version 1.0.3
May  1 06:30:01 localhost kernel: [   21.214990] device-mapper: ioctl: 4.47.0-ioctl (2022-07-28) initialised: dm-devel@redhat.com
May  1 06:30:01 localhost rngd[226]: [pkcs11]: Unable to load pkcs11 engine: (null)
May  1 06:30:01 localhost rngd[226]: [pkcs11]: Initialization Failed
May  1 06:30:01 localhost kernel: [   21.826494] device-mapper: multipath round-robin: version 1.2.0 loaded
May  1 06:30:02 localhost kernel: [   22.878579] RPC: Registered named UNIX socket transport module.
May  1 06:30:02 localhost kernel: [   22.878719] RPC: Registered udp transport module.
May  1 06:30:02 localhost kernel: [   22.878769] RPC: Registered tcp transport module.
May  1 06:30:02 localhost kernel: [   22.878815] RPC: Registered tcp NFSv4.1 backchannel transport module.
May  1 06:30:03 localhost rpc.statd[794]: Version 2.6.2 starting
May  1 06:30:03 localhost rpc.statd[794]: Initializing NSM state
May  1 06:30:03 localhost rpc.statd[794]: Running as root.  chown /var/lib/nfs/statd to choose different user
May  1 06:30:03 localhost rpc.idmapd[799]: Setting log level to 0
May  1 06:30:03 localhost kernel: [   23.999866] Btrfs loaded, crc32c=crc32c-generic, zoned=yes, fsverity=no
May  1 06:30:03 localhost systemd[1]: Finished dracut pre-udev hook.
May  1 06:30:03 localhost systemd[1]: Starting Rule-based Manager for Device Events and Files...
May  1 06:30:04 localhost systemd-udevd[815]: /usr/lib/udev/rules.d/50-udev-default.rules:42 Unknown group 'sgx', ignoring
May  1 06:30:04 localhost systemd[1]: Started Rule-based Manager for Device Events and Files.
May  1 06:30:04 localhost systemd[1]: Starting dracut pre-trigger hook...
May  1 06:30:04 localhost dracut-pre-trigger[817]: rd.md=0: removing MD RAID activation
May  1 06:30:04 localhost systemd[1]: Finished dracut pre-trigger hook.
May  1 06:30:04 localhost systemd[1]: Starting Coldplug All udev Devices...
May  1 06:30:04 localhost systemd-udevd[815]: /usr/lib/udev/rules.d/50-udev-default.rules:42 Unknown group 'sgx', ignoring
May  1 06:30:05 localhost systemd[1]: Created slice Slice /system/modprobe.
May  1 06:30:05 localhost systemd[1]: Starting Load Kernel Module configfs...
May  1 06:30:05 localhost systemd[1]: modprobe@configfs.service: Deactivated successfully.
May  1 06:30:05 localhost systemd[1]: Finished Load Kernel Module configfs.
May  1 06:30:05 localhost systemd[1]: Mounting Kernel Configuration File System...
May  1 06:30:05 localhost systemd[1]: Mounted Kernel Configuration File System.
May  1 06:30:05 localhost systemd[1]: Finished Coldplug All udev Devices.
May  1 06:30:05 localhost systemd[1]: Starting dracut initqueue hook...
May  1 06:30:05 localhost systemd[1]: Starting Show Plymouth Boot Screen...
May  1 06:30:05 localhost systemd[1]: Starting Wait for udev To Complete Device Initialization...
May  1 06:30:05 localhost systemd[1]: Received SIGRTMIN+20 from PID 916 (plymouthd).
May  1 06:30:05 localhost systemd[1]: Started Show Plymouth Boot Screen.
May  1 06:30:05 localhost systemd[1]: Condition check resulted in Dispatch Password Requests to Console Directory Watch being skipped.
May  1 06:30:05 localhost systemd[1]: Started Forward Password Requests to Plymouth Directory Watch.
May  1 06:30:05 localhost systemd[1]: Reached target Path Units.
May  1 06:30:05 localhost kernel: [   25.790698] ACPI: bus type drm_connector registered
May  1 06:30:05 localhost kernel: [   25.875448] scsi host0: ata_piix
May  1 06:30:05 localhost kernel: [   25.880775] scsi host1: ata_piix
May  1 06:30:05 localhost kernel: [   25.881433] ata1: PATA max MWDMA2 cmd 0x1f0 ctl 0x3f6 bmdma 0xc060 irq 14
May  1 06:30:05 localhost kernel: [   25.881572] ata2: PATA max MWDMA2 cmd 0x170 ctl 0x376 bmdma 0xc068 irq 15
May  1 06:30:05 localhost systemd-udevd[895]: Using default interface naming scheme 'v249'.
May  1 06:30:05 localhost kernel: [   25.989187] virtio_net virtio2 ens5: renamed from eth0
May  1 06:30:05 localhost systemd-udevd[895]: eth0: Network interface 2 is renamed from 'eth0' to 'ens5'
May  1 06:30:05 localhost udevadm[915]: systemd-udev-settle.service is deprecated. Please fix multipathd-configure.service not to pull it in.
May  1 06:30:05 localhost kernel: [   26.038871] ata1: found unknown device (class 0)
May  1 06:30:05 localhost kernel: [   26.041544] ata2: found unknown device (class 0)
May  1 06:30:05 localhost kernel: [   26.044185] ata2.00: ATAPI: QEMU DVD-ROM, 2.5+, max UDMA/100
May  1 06:30:05 localhost kernel: [   26.045825] ata1.00: ATA-7: QEMU HARDDISK, 2.5+, max UDMA/100
May  1 06:30:05 localhost kernel: [   26.046146] ata1.00: 83886080 sectors, multi 16: LBA48 
May  1 06:30:05 localhost kernel: [   26.063024] scsi 0:0:0:0: Direct-Access     ATA      QEMU HARDDISK    2.5+ PQ: 0 ANSI: 5
May  1 06:30:05 localhost kernel: [   26.073034] scsi 1:0:0:0: CD-ROM            QEMU     QEMU DVD-ROM     2.5+ PQ: 0 ANSI: 5
May  1 06:30:05 localhost systemd-udevd[887]: Using default interface naming scheme 'v249'.
May  1 06:30:06 localhost kernel: [   26.130993] bochs-drm 0000:00:02.0: vgaarb: deactivate vga console
May  1 06:30:06 localhost kernel: [   26.131985] Console: switching to colour dummy device 80x25
May  1 06:30:06 localhost kernel: [   26.135931] [drm] Found bochs VGA, ID 0xb0c5.
May  1 06:30:06 localhost kernel: [   26.136046] [drm] Framebuffer size 16384 kB @ 0xfd000000, mmio @ 0xfebd0000.
May  1 06:30:06 localhost kernel: [   26.138812] [drm] Found EDID data blob.
May  1 06:30:06 localhost kernel: [   26.143258] [drm] Initialized bochs-drm 1.0.0 20130925 for 0000:00:02.0 on minor 0
May  1 06:30:06 localhost kernel: [   26.155781] fbcon: bochs-drmdrmfb (fb0) is primary device
May  1 06:30:06 localhost kernel: [   26.171741] Console: switching to colour frame buffer device 160x50
May  1 06:30:06 localhost kernel: [   26.188047] bochs-drm 0000:00:02.0: [drm] fb0: bochs-drmdrmfb frame buffer device
May  1 06:30:06 localhost kernel: [   26.217872] sr 1:0:0:0: [sr0] scsi3-mmc drive: 4x/4x cd/rw xa/form2 tray
May  1 06:30:06 localhost kernel: [   26.218203] cdrom: Uniform CD-ROM driver Revision: 3.20
May  1 06:30:06 localhost kernel: [   26.242866] sd 0:0:0:0: [sda] 83886080 512-byte logical blocks: (42.9 GB/40.0 GiB)
May  1 06:30:06 localhost kernel: [   26.245253] sd 0:0:0:0: [sda] Write Protect is off
May  1 06:30:06 localhost kernel: [   26.245924] sd 0:0:0:0: [sda] Write cache: enabled, read cache: enabled, doesn't support DPO or FUA
May  1 06:30:06 localhost kernel: [   26.246840] sd 0:0:0:0: [sda] Preferred minimum I/O size 512 bytes
May  1 06:30:06 localhost kernel: [   26.272791]  sda: sda1 sda2
May  1 06:30:06 localhost kernel: [   26.275429] sd 0:0:0:0: [sda] Attached SCSI disk
May  1 06:30:06 localhost systemd[1]: Found device QEMU_HARDDISK rootfs.
May  1 06:30:06 localhost systemd[1]: Reached target Initrd Root Device.
May  1 06:30:07 localhost systemd[1]: Finished Wait for udev To Complete Device Initialization.
May  1 06:30:07 localhost systemd[1]: Condition check resulted in Device-Mapper Multipath Default Configuration being skipped.
May  1 06:30:07 localhost systemd[1]: Starting Device-Mapper Multipath Device Controller...
May  1 06:30:07 localhost multipathd[968]: --------start up--------
May  1 06:30:07 localhost multipathd[968]: read /etc/multipath.conf
May  1 06:30:07 localhost multipathd[968]: path checkers start up
May  1 06:30:07 localhost systemd[1]: Started Device-Mapper Multipath Device Controller.
May  1 06:30:07 localhost systemd[1]: Reached target Preparation for Local File Systems.
May  1 06:30:07 localhost systemd[1]: Reached target Local File Systems.
May  1 06:30:07 localhost systemd[1]: Starting Create Volatile Files and Directories...
May  1 06:30:07 localhost systemd-tmpfiles[988]: /usr/lib/tmpfiles.d/systemd.conf:19: Failed to resolve user 'systemd-network': No such process
May  1 06:30:07 localhost systemd-tmpfiles[988]: /usr/lib/tmpfiles.d/systemd.conf:20: Failed to resolve user 'systemd-network': No such process
May  1 06:30:07 localhost systemd-tmpfiles[988]: /usr/lib/tmpfiles.d/systemd.conf:21: Failed to resolve user 'systemd-network': No such process
May  1 06:30:07 localhost systemd-tmpfiles[988]: /usr/lib/tmpfiles.d/systemd.conf:22: Failed to resolve user 'systemd-network': No such process
May  1 06:30:07 localhost systemd[1]: Finished Create Volatile Files and Directories.
May  1 06:30:07 localhost systemd[1]: Reached target System Initialization.
May  1 06:30:07 localhost systemd[1]: Reached target Basic System.
May  1 06:30:07 localhost systemd[1]: System is tainted: cgroupsv1
May  1 06:30:07 localhost systemd[1]: Finished dracut initqueue hook.
May  1 06:30:07 localhost systemd[1]: Reached target Preparation for Remote File Systems.
May  1 06:30:07 localhost systemd[1]: Reached target Remote File Systems.
May  1 06:30:07 localhost systemd[1]: Starting dracut pre-mount hook...
May  1 06:30:07 localhost systemd[1]: Finished dracut pre-mount hook.
May  1 06:30:07 localhost systemd[1]: Starting File System Check on /dev/sda2...
May  1 06:30:07 localhost systemd-fsck[1022]: rootfs: clean, 32168/2490368 files, 530117/9961471 blocks
May  1 06:30:07 localhost systemd[1]: Finished File System Check on /dev/sda2.
May  1 06:30:07 localhost systemd[1]: Mounting /sysroot...
May  1 06:30:08 localhost kernel: [   28.224604] EXT4-fs (sda2): mounted filesystem with ordered data mode. Quota mode: none.
May  1 06:30:08 localhost systemd[1]: Mounted /sysroot.
May  1 06:30:08 localhost systemd[1]: Reached target Initrd Root File System.
May  1 06:30:08 localhost systemd[1]: Starting Reload Configuration from the Real Root...
May  1 06:30:08 localhost systemctl[1030]: [systemctl daemon-reload] called by PID 1 (/init)
May  1 06:30:08 localhost systemd[1]: Reloading.
May  1 06:30:08 localhost systemctl[1097]: [systemctl --no-block start initrd-fs.target] called by PID 1 (/init)
May  1 06:30:08 localhost systemctl[1099]: [systemctl --no-block start initrd-cleanup.service] called by PID 1 (/init)
May  1 06:30:08 localhost multipathd[968]: exit (signal)
May  1 06:30:09 localhost multipathd[968]: --------shut down-------
May  1 06:30:09 localhost systemd[1]: Stopping Device-Mapper Multipath Device Controller...
May  1 06:30:09 localhost systemd[1]: initrd-parse-etc.service: Deactivated successfully.
May  1 06:30:09 localhost systemd[1]: Finished Reload Configuration from the Real Root.
May  1 06:30:09 localhost systemd[1]: Reached target Initrd File Systems.
May  1 06:30:09 localhost systemd[1]: Reached target Initrd Default Target.
May  1 06:30:09 localhost systemd[1]: Starting dracut mount hook...
May  1 06:30:09 localhost systemd[1]: multipathd.service: Deactivated successfully.
May  1 06:30:09 localhost systemd[1]: Stopped Device-Mapper Multipath Device Controller.
May  1 06:30:09 localhost systemd[1]: Finished dracut mount hook.
May  1 06:30:09 localhost systemd[1]: Starting dracut pre-pivot and cleanup hook...
May  1 06:30:13 localhost rpc.idmapd[799]: exiting on signal 15
May  1 06:30:13 localhost systemd[1]: var-lib-nfs-rpc_pipefs.mount: Deactivated successfully.
May  1 06:30:13 localhost systemd[1]: Finished dracut pre-pivot and cleanup hook.
May  1 06:30:13 localhost systemd[1]: Starting Cleaning Up and Shutting Down Daemons...
May  1 06:30:13 localhost systemctl[1194]: [systemctl --no-block isolate initrd-switch-root.target] called by PID 1 (/init)
May  1 06:30:13 localhost systemd[1]: Stopped target Timer Units.
May  1 06:30:13 localhost systemd[1]: dracut-pre-pivot.service: Deactivated successfully.
May  1 06:30:13 localhost systemd[1]: Stopped dracut pre-pivot and cleanup hook.
May  1 06:30:13 localhost systemd[1]: Stopped target Initrd Default Target.
May  1 06:30:13 localhost systemd[1]: Stopped target Basic System.
May  1 06:30:13 localhost systemd[1]: Stopped target Initrd Root Device.
May  1 06:30:13 localhost systemd[1]: Stopped target Path Units.
May  1 06:30:13 localhost systemd[1]: Stopped target Remote File Systems.
May  1 06:30:13 localhost systemd[1]: Stopped target Preparation for Remote File Systems.
May  1 06:30:13 localhost systemd[1]: Stopped target Slice Units.
May  1 06:30:13 localhost systemd[1]: Stopped target Socket Units.
May  1 06:30:13 localhost systemd[1]: Stopped target System Initialization.
May  1 06:30:13 localhost systemd[1]: Stopped target Swaps.
May  1 06:30:13 localhost systemd[1]: dracut-mount.service: Deactivated successfully.
May  1 06:30:13 localhost systemd[1]: Stopped dracut mount hook.
May  1 06:30:13 localhost systemd[1]: dracut-pre-mount.service: Deactivated successfully.
May  1 06:30:13 localhost systemd[1]: Stopped dracut pre-mount hook.
May  1 06:30:13 localhost systemd[1]: dracut-initqueue.service: Deactivated successfully.
May  1 06:30:13 localhost systemd[1]: Stopped dracut initqueue hook.
May  1 06:30:13 localhost systemd[1]: Starting Plymouth switch root service...
May  1 06:30:13 localhost systemd[1]: systemd-sysctl.service: Deactivated successfully.
May  1 06:30:13 localhost systemd[1]: Stopped Apply Kernel Variables.
May  1 06:30:13 localhost systemd[1]: systemd-modules-load.service: Deactivated successfully.
May  1 06:30:13 localhost systemd[1]: Stopped Load Kernel Modules.
May  1 06:30:13 localhost systemd[1]: systemd-tmpfiles-setup.service: Deactivated successfully.
May  1 06:30:13 localhost systemd[1]: Stopped Create Volatile Files and Directories.
May  1 06:30:13 localhost systemd[1]: Stopped target Local File Systems.
May  1 06:30:13 localhost systemd[1]: Stopped target Preparation for Local File Systems.
May  1 06:30:13 localhost systemd[1]: systemd-udev-settle.service: Deactivated successfully.
May  1 06:30:13 localhost systemd[1]: Stopped Wait for udev To Complete Device Initialization.
May  1 06:30:13 localhost systemd[1]: systemd-udev-trigger.service: Deactivated successfully.
May  1 06:30:13 localhost systemd[1]: Stopped Coldplug All udev Devices.
May  1 06:30:13 localhost systemd[1]: dracut-pre-trigger.service: Deactivated successfully.
May  1 06:30:13 localhost systemd[1]: Stopped dracut pre-trigger hook.
May  1 06:30:13 localhost systemd[1]: Stopping Rule-based Manager for Device Events and Files...
May  1 06:30:13 localhost systemd[1]: systemd-udevd.service: Deactivated successfully.
May  1 06:30:13 localhost systemd[1]: Stopped Rule-based Manager for Device Events and Files.
May  1 06:30:13 localhost systemd[1]: systemd-udevd-control.socket: Deactivated successfully.
May  1 06:30:13 localhost systemd[1]: Closed udev Control Socket.
May  1 06:30:13 localhost systemd[1]: systemd-udevd-kernel.socket: Deactivated successfully.
May  1 06:30:13 localhost systemd[1]: Closed udev Kernel Socket.
May  1 06:30:13 localhost systemd[1]: dracut-pre-udev.service: Deactivated successfully.
May  1 06:30:13 localhost systemd[1]: Stopped dracut pre-udev hook.
May  1 06:30:13 localhost systemd[1]: dracut-cmdline.service: Deactivated successfully.
May  1 06:30:13 localhost systemd[1]: Stopped dracut cmdline hook.
May  1 06:30:13 localhost systemd[1]: dracut-cmdline-ask.service: Deactivated successfully.
May  1 06:30:13 localhost systemd[1]: Stopped dracut ask for additional cmdline parameters.
May  1 06:30:13 localhost systemd[1]: Starting Cleanup udev Database...
May  1 06:30:13 localhost rngd[226]: [hwrng ]: Shutting down
May  1 06:30:13 localhost systemd[1]: Stopping Hardware RNG Entropy Gatherer Daemon...
May  1 06:30:13 localhost systemd[1]: systemd-tmpfiles-setup-dev.service: Deactivated successfully.
May  1 06:30:13 localhost systemd[1]: Stopped Create Static Device Nodes in /dev.
May  1 06:30:13 localhost systemd[1]: kmod-static-nodes.service: Deactivated successfully.
May  1 06:30:13 localhost systemd[1]: Stopped Create List of Static Device Nodes.
May  1 06:30:13 localhost systemd[1]: initrd-cleanup.service: Deactivated successfully.
May  1 06:30:13 localhost systemd[1]: Finished Cleaning Up and Shutting Down Daemons.
May  1 06:30:13 localhost systemd[1]: rngd.service: Deactivated successfully.
May  1 06:30:13 localhost systemd[1]: Stopped Hardware RNG Entropy Gatherer Daemon.
May  1 06:30:13 localhost systemd[1]: Finished Plymouth switch root service.
May  1 06:30:13 localhost systemd[1]: initrd-udevadm-cleanup-db.service: Deactivated successfully.
May  1 06:30:13 localhost systemd[1]: Finished Cleanup udev Database.
May  1 06:30:13 localhost systemd[1]: Reached target Switch Root.
May  1 06:30:13 localhost systemd[1]: Starting Switch Root...
May  1 06:30:13 localhost systemctl[1204]: [systemctl --no-block switch-root /sysroot] called by PID 1 (/init)
May  1 06:30:13 localhost systemd[1]: Switching root.
May  1 06:30:13 localhost systemd-journald[228]: Journal stopped
May  1 06:30:15 localhost systemd-journald[228]: [   33.970267] Received SIGTERM from PID 1 (systemd).
May  1 06:30:15 localhost systemd[1]: [   34.410648] systemd v249-49.oe2303 running in system mode (+PAM +AUDIT +SELINUX -APPARMOR +IMA -SMACK +SECCOMP +GCRYPT +GNUTLS -OPENSSL +ACL +BLKID -CURL -ELFUTILS -FIDO2 +IDN2 -IDN -IPTC +KMOD -LIBCRYPTSETUP +LIBFDISK +PCRE2 -PWQUALITY +P11KIT -QRENCODE +BZIP2 +LZ4 +XZ +ZLIB -ZSTD +XKBCOMMON +UTMP +SYSVINIT default-hierarchy=legacy)
May  1 06:30:15 localhost systemd[1]: [   34.411792] Detected virtualization qemu.
May  1 06:30:15 localhost systemd[1]: [   34.412017] Detected architecture x86-64.
May  1 06:30:15 localhost systemd-rc-local-generator[1214]: [   34.576129] /etc/rc.d/rc.local is not marked executable, skipping.
May  1 06:30:15 localhost systemd[1]: [   34.797349] /usr/lib/systemd/system/dbus.socket:5: ListenStream= references a path below legacy directory /var/run/, updating /var/run/dbus/system_bus_socket  /run/dbus/system_bus_socket; please update the unit file accordingly.
May  1 06:30:15 localhost systemd[1]: [   35.357049] initrd-switch-root.service: Deactivated successfully.
May  1 06:30:15 localhost systemd[1]: [   35.361060] Stopped Switch Root.
May  1 06:30:15 localhost systemd[1]: [   35.366094] systemd-journald.service: Scheduled restart job, restart counter is at 1.
May  1 06:30:15 localhost systemd[1]: [   35.373371] Created slice Slice /system/getty.
May  1 06:30:15 localhost systemd[1]: [   35.378100] Created slice Slice /system/serial-getty.
May  1 06:30:15 localhost systemd[1]: [   35.381862] Created slice Slice /system/sshd-keygen.
May  1 06:30:15 localhost systemd[1]: [   35.385503] Created slice User and Session Slice.
May  1 06:30:15 localhost systemd[1]: [   35.386030] systemd-ask-password-plymouth.path: Deactivated successfully.
May  1 06:30:15 localhost systemd[1]: [   35.386223] Stopped systemd-ask-password-plymouth.path.
May  1 06:30:15 localhost systemd[1]: [   35.387679] Started Forward Password Requests to Wall Directory Watch.
May  1 06:30:15 localhost systemd[1]: [   35.392143] Set up automount Arbitrary Executable File Formats File System Automount Point.
May  1 06:30:15 localhost systemd[1]: [   35.393110] Stopped target Switch Root.
May  1 06:30:15 localhost systemd[1]: [   35.393529] Stopped target Initrd File Systems.
May  1 06:30:15 localhost systemd[1]: [   35.393766] Stopped target Initrd Root File System.
May  1 06:30:15 localhost systemd[1]: [   35.394247] Reached target Remote File Systems.
May  1 06:30:15 localhost systemd[1]: [   35.394654] Reached target Slice Units.
May  1 06:30:15 localhost systemd[1]: [   35.395057] Reached target Swaps.
May  1 06:30:15 localhost systemd[1]: [   35.407606] Listening on Process Core Dump Socket.
May  1 06:30:15 localhost systemd[1]: [   35.408814] Listening on initctl Compatibility Named Pipe.
May  1 06:30:15 localhost systemd[1]: [   35.411284] Listening on udev Control Socket.
May  1 06:30:15 localhost systemd[1]: [   35.412463] Listening on udev Kernel Socket.
May  1 06:30:15 localhost systemd[1]: [   35.433751] Mounting Huge Pages File System...
May  1 06:30:15 localhost systemd[1]: [   35.445135] Mounting POSIX Message Queue File System...
May  1 06:30:15 localhost systemd[1]: [   35.455223] Mounting Kernel Debug File System...
May  1 06:30:15 localhost systemd[1]: [   35.463704] Mounting Kernel Trace File System...
May  1 06:30:15 localhost systemd[1]: [   35.494020] Mounting Temporary Directory /tmp...
May  1 06:30:15 localhost systemd[1]: [   35.504954] Starting Create List of Static Device Nodes...
May  1 06:30:15 localhost systemd[1]: [   35.513727] Starting Load Kernel Module configfs...
May  1 06:30:15 localhost systemd[1]: [   35.521799] Starting Load Kernel Module drm...
May  1 06:30:15 localhost systemd[1]: [   35.531090] Starting Load Kernel Module fuse...
May  1 06:30:15 localhost systemd[1]: [   35.533133] Stopping plymouth-start.service...
May  1 06:30:15 localhost systemd[1]: [   35.533577] plymouth-switch-root.service: Deactivated successfully.
May  1 06:30:15 localhost systemd[1]: [   35.534754] Stopped plymouth-switch-root.service.
May  1 06:30:15 localhost systemd[1]: [   35.544061] Condition check resulted in Set Up Additional Binary Formats being skipped.
May  1 06:30:15 localhost systemd[1]: [   35.544646] systemd-fsck-root.service: Deactivated successfully.
May  1 06:30:15 localhost systemd[1]: [   35.545733] Stopped File System Check on Root Device.
May  1 06:30:15 localhost systemd[1]: [   35.547096] Stopped Journal Service.
May  1 06:30:15 localhost systemd[1]: [   35.566693] Starting Journal Service...
May  1 06:30:15 localhost systemd[1]: [   35.574192] Condition check resulted in Load Kernel Modules being skipped.
May  1 06:30:15 localhost systemd[1]: [   35.587201] Starting Remount Root and Kernel File Systems...
May  1 06:30:15 localhost systemd[1]: [   35.596038] Starting Apply Kernel Variables...
May  1 06:30:15 localhost systemd[1]: [   35.604925] Starting Coldplug All udev Devices...
May  1 06:30:15 localhost systemd[1]: [   35.614811] systemd-vconsole-setup.service: Deactivated successfully.
May  1 06:30:15 localhost systemd[1]: [   35.616139] Stopped Setup Virtual Console.
May  1 06:30:15 localhost kernel: [   35.627658] fuse: init (API version 7.37)
May  1 06:30:15 localhost kernel: [   35.630655] EXT4-fs (sda2): re-mounted. Quota mode: none.
May  1 06:30:15 localhost systemd[1]: [   35.645113] plymouth-start.service: Deactivated successfully.
May  1 06:30:15 localhost systemd[1]: [   35.646829] Stopped plymouth-start.service.
May  1 06:30:15 localhost systemd[1]: [   35.649106] Mounted Huge Pages File System.
May  1 06:30:15 localhost systemd[1]: [   35.650829] Mounted POSIX Message Queue File System.
May  1 06:30:15 localhost systemd[1]: [   35.652786] Mounted Kernel Debug File System.
May  1 06:30:15 localhost systemd[1]: [   35.654500] Mounted Kernel Trace File System.
May  1 06:30:15 localhost systemd[1]: [   35.655874] Mounted Temporary Directory /tmp.
May  1 06:30:15 localhost systemd[1]: [   35.660924] Finished Create List of Static Device Nodes.
May  1 06:30:15 localhost systemd[1]: [   35.665512] modprobe@configfs.service: Deactivated successfully.
May  1 06:30:15 localhost systemd[1]: [   35.668781] Finished Load Kernel Module configfs.
May  1 06:30:15 localhost systemd[1]: [   35.672998] modprobe@drm.service: Deactivated successfully.
May  1 06:30:15 localhost systemd[1]: [   35.675736] Finished Load Kernel Module drm.
May  1 06:30:15 localhost systemd[1]: [   35.679853] modprobe@fuse.service: Deactivated successfully.
May  1 06:30:15 localhost systemd[1]: [   35.694732] Finished Load Kernel Module fuse.
May  1 06:30:15 localhost systemd[1]: [   35.698716] Finished Remount Root and Kernel File Systems.
May  1 06:30:15 localhost systemd[1]: [   35.702930] Finished Apply Kernel Variables.
May  1 06:30:15 localhost systemd[1]: [   35.708366] Received SIGRTMIN+21 from PID 916 (n/a).
May  1 06:30:15 localhost systemd[1]: [   35.708754] Received SIGRTMIN+21 from PID 916 (n/a).
May  1 06:30:15 localhost systemd[1]: [   35.709871] Started Dispatch Password Requests to Console Directory Watch.
May  1 06:30:15 localhost systemd[1]: [   35.710214] Reached target Path Units.
May  1 06:30:15 localhost systemd[1]: [   35.728109] Mounting FUSE Control File System...
May  1 06:30:15 localhost systemd[1]: [   35.763202] Starting Rebuild Hardware Database...
May  1 06:30:15 localhost systemd-journald[1237]: Journal started
May  1 06:30:15 localhost systemd-journald[1237]: Runtime Journal (/run/log/journal/c78e8c10bbba4687b4aa7ab68adfb5e8) is 7.1M, max 56.8M, 49.7M free.
May  1 06:30:15 localhost systemd[1]: Queued start job for default target Multi-User System.
May  1 06:30:15 localhost systemd[1]: systemd-journald.service: unit configures an IP firewall, but the local system does not support BPF/cgroup firewalling.
May  1 06:30:15 localhost systemd[1]: (This warning is only shown for the first unit using IP firewalling.)
May  1 06:30:15 localhost systemd[1]: systemd-journald.service: Deactivated successfully.
May  1 06:30:15 localhost systemd[1]: [   35.783244] Starting Load/Save Random Seed...
May  1 06:30:15 localhost systemd[1]: [   35.801769] Starting Create System Users...
May  1 06:30:15 localhost systemd[1]: [   35.809177] Started Journal Service.
May  1 06:30:15 localhost systemd[1]: Mounted FUSE Control File System.
May  1 06:30:15 localhost systemd[1]: Starting Flush Journal to Persistent Storage...
May  1 06:30:15 localhost systemd[1]: Finished Load/Save Random Seed.
May  1 06:30:15 localhost systemd[1]: Condition check resulted in First Boot Complete being skipped.
May  1 06:30:15 localhost systemd-journald[1237]: Runtime Journal (/run/log/journal/c78e8c10bbba4687b4aa7ab68adfb5e8) is 7.1M, max 56.8M, 49.7M free.
May  1 06:30:15 localhost systemd[1]: Finished Flush Journal to Persistent Storage.
May  1 06:30:15 localhost systemd-sysusers[1250]: Creating group sgx with gid 994.
May  1 06:30:15 localhost systemd-sysusers[1250]: Creating group systemd-network with gid 993.
May  1 06:30:15 localhost systemd-sysusers[1250]: Creating user systemd-network (systemd Network Management) with uid 993 and gid 993.
May  1 06:30:15 localhost systemd-sysusers[1250]: Creating group systemd-resolve with gid 992.
May  1 06:30:15 localhost systemd-sysusers[1250]: Creating user systemd-resolve (systemd Resolver) with uid 992 and gid 992.
May  1 06:30:15 localhost systemd-sysusers[1250]: Creating group systemd-timesync with gid 991.
May  1 06:30:15 localhost systemd-sysusers[1250]: Creating user systemd-timesync (systemd Time Synchronization) with uid 991 and gid 991.
May  1 06:30:15 localhost systemd[1]: Finished Create System Users.
May  1 06:30:15 localhost systemd[1]: Starting Create Static Device Nodes in /dev...
May  1 06:30:16 localhost systemd-tmpfiles[1258]: /usr/lib/tmpfiles.d/dbus.conf:13: Line references path below legacy directory /var/run/, updating /var/run/dbus/containers  /run/dbus/containers; please update the tmpfiles.d/ drop-in file accordingly.
May  1 06:30:16 localhost systemd[1]: Finished Coldplug All udev Devices.
May  1 06:30:16 localhost systemd[1]: Finished Create Static Device Nodes in /dev.
May  1 06:30:16 localhost systemd[1]: Reached target Preparation for Local File Systems.
May  1 06:30:16 localhost systemd[1]: boot.mount: Directory /boot to mount over is not empty, mounting anyway.
May  1 06:30:16 localhost systemd[1]: Mounting /boot...
May  1 06:30:16 localhost systemd[1]: Mounted /boot.
May  1 06:30:16 localhost systemd[1]: Reached target Local File Systems.
May  1 06:30:16 localhost systemd[1]: Starting Rebuild Dynamic Linker Cache...
May  1 06:30:16 localhost systemd[1]: Condition check resulted in Commit a transient machine-id on disk being skipped.
May  1 06:30:16 localhost systemd[1]: Starting Create Volatile Files and Directories...
May  1 06:30:16 localhost systemd-tmpfiles[1265]: /usr/lib/tmpfiles.d/dbus.conf:13: Line references path below legacy directory /var/run/, updating /var/run/dbus/containers  /run/dbus/containers; please update the tmpfiles.d/ drop-in file accordingly.
May  1 06:30:16 localhost systemd[1]: Finished Create Volatile Files and Directories.
May  1 06:30:16 localhost systemd[1]: Starting Rebuild Journal Catalog...
May  1 06:30:16 localhost systemd[1]: Starting Record System Boot/Shutdown in UTMP...
May  1 06:30:16 localhost systemd[1]: Finished Rebuild Journal Catalog.
May  1 06:30:16 localhost systemd[1]: Finished Record System Boot/Shutdown in UTMP.
May  1 06:30:16 localhost systemd[1]: Finished Rebuild Dynamic Linker Cache.
May  1 06:30:18 localhost systemd[1]: Finished Rebuild Hardware Database.
May  1 06:30:18 localhost systemd[1]: Starting Rule-based Manager for Device Events and Files...
May  1 06:30:18 localhost systemd[1]: Starting Update is Completed...
May  1 06:30:18 localhost systemd[1]: Finished Update is Completed.
May  1 06:30:18 localhost systemd[1]: Started Rule-based Manager for Device Events and Files.
May  1 06:30:18 localhost systemd[1]: Reached target System Initialization.
May  1 06:30:18 localhost systemd[1]: Started dnf makecache --timer.
May  1 06:30:18 localhost systemd[1]: Started Daily Cleanup of Temporary Directories.
May  1 06:30:18 localhost systemd[1]: Reached target Timer Units.
May  1 06:30:18 localhost systemd[1]: Listening on D-Bus System Message Bus Socket.
May  1 06:30:18 localhost systemd[1]: Reached target Socket Units.
May  1 06:30:18 localhost systemd[1]: Reached target Basic System.
May  1 06:30:18 localhost systemd[1]: Starting D-Bus System Message Bus...
May  1 06:30:18 localhost systemd[1]: Starting Restore /run/initramfs on shutdown...
May  1 06:30:18 localhost systemd[1]: Starting Update RTC With System Clock...
May  1 06:30:18 localhost systemd[1]: Starting OpenSSH ecdsa Server Key Generation...
May  1 06:30:18 localhost systemd[1]: Starting OpenSSH ed25519 Server Key Generation...
May  1 06:30:18 localhost systemd[1]: Starting OpenSSH rsa Server Key Generation...
May  1 06:30:18 localhost systemd[1]: Starting User Login Management...
May  1 06:30:18 localhost systemd[1]: Finished Restore /run/initramfs on shutdown.
May  1 06:30:18 localhost systemd[1]: Finished Update RTC With System Clock.
May  1 06:30:18 localhost systemd[1]: Started D-Bus System Message Bus.
May  1 06:30:19 localhost systemd[1]: Starting Network Manager...
May  1 06:30:19 localhost systemd[1]: sshd-keygen@ecdsa.service: Deactivated successfully.
May  1 06:30:19 localhost systemd[1]: Finished OpenSSH ecdsa Server Key Generation.
May  1 06:30:19 localhost systemd[1]: sshd-keygen@ed25519.service: Deactivated successfully.
May  1 06:30:19 localhost systemd[1]: Finished OpenSSH ed25519 Server Key Generation.
May  1 06:30:19 localhost systemd[1]: Starting Load Kernel Module configfs...
May  1 06:30:19 localhost systemd[1]: modprobe@configfs.service: Deactivated successfully.
May  1 06:30:19 localhost systemd[1]: Finished Load Kernel Module configfs.
May  1 06:30:19 localhost NetworkManager[1302]: <info>  [1682922619.3266] NetworkManager (version 1.32.12-16.oe2303) is starting... (for the first time)
May  1 06:30:19 localhost NetworkManager[1302]: <info>  [1682922619.3279] Read config: /etc/NetworkManager/NetworkManager.conf
May  1 06:30:19 localhost systemd[1]: Started Network Manager.
May  1 06:30:19 localhost systemd[1]: Reached target Network.
May  1 06:30:19 localhost NetworkManager[1302]: <info>  [1682922619.4152] bus-manager: acquired D-Bus service "org.freedesktop.NetworkManager"
May  1 06:30:19 localhost systemd[1]: Starting Network Manager Wait Online...
May  1 06:30:19 localhost systemd[1]: Starting Permit User Sessions...
May  1 06:30:19 localhost systemd[1]: Finished Permit User Sessions.
May  1 06:30:19 localhost systemd[1]: Started Command Scheduler.
May  1 06:30:19 localhost NetworkManager[1302]: <info>  [1682922619.5269] manager[0x560e02f1d000]: monitoring kernel firmware directory '/lib/firmware'.
May  1 06:30:19 localhost systemd-logind[1297]: New seat seat0.
May  1 06:30:19 localhost systemd[1]: Started Getty on tty1.
May  1 06:30:19 localhost dbus-daemon[1278]: [system] Activating via systemd: service name='org.freedesktop.hostname1' unit='dbus-org.freedesktop.hostname1.service' requested by ':1.1' (uid=0 pid=1302 comm="/usr/sbin/NetworkManager --no-daemon")
May  1 06:30:19 localhost systemd[1]: Started Serial Getty on ttyS0.
May  1 06:30:19 localhost systemd[1]: Reached target Login Prompts.
May  1 06:30:19 localhost systemd[1]: Started User Login Management.
May  1 06:30:19 localhost systemd[1]: Starting Hostname Service...
May  1 06:30:19 localhost systemd-logind[1297]: Watching system buttons on /dev/input/event0 (Power Button)
May  1 06:30:19 localhost kernel: [   40.094765] piix4_smbus 0000:00:01.3: SMBus Host Controller at 0x700, revision 0
May  1 06:30:20 localhost kernel: [   40.147913] parport_pc 00:03: reported by Plug and Play ACPI
May  1 06:30:20 localhost kernel: [   40.148776] parport0: PC-style at 0x378, irq 7 [PCSPP,TRISTATE]
May  1 06:30:20 localhost kernel: [   40.186842] sd 0:0:0:0: Attached scsi generic sg0 type 0
May  1 06:30:20 localhost kernel: [   40.188309] input: PC Speaker as /devices/platform/pcspkr/input/input4
May  1 06:30:20 localhost kernel: [   40.188712] sr 1:0:0:0: Attached scsi generic sg1 type 5
May  1 06:30:20 localhost systemd-udevd[1280]: Using default interface naming scheme 'v249'.
May  1 06:30:20 localhost systemd-logind[1297]: Watching system buttons on /dev/input/event1 (AT Translated Set 2 keyboard)
May  1 06:30:20 localhost dbus-daemon[1278]: [system] Successfully activated service 'org.freedesktop.hostname1'
May  1 06:30:20 localhost systemd[1]: Started Hostname Service.
May  1 06:30:20 localhost NetworkManager[1302]: <info>  [1682922620.4974] hostname: hostname: using hostnamed
May  1 06:30:20 localhost NetworkManager[1302]: <info>  [1682922620.5060] dns-mgr[0x560e02f05250]: init: dns=default rc-manager=symlink
May  1 06:30:20 localhost NetworkManager[1302]: <info>  [1682922620.5818] manager[0x560e02f1d000]: rfkill: Wi-Fi hardware radio set enabled
May  1 06:30:20 localhost NetworkManager[1302]: <info>  [1682922620.5823] manager[0x560e02f1d000]: rfkill: WWAN hardware radio set enabled
May  1 06:30:20 localhost NetworkManager[1302]: <info>  [1682922620.6435] Loaded device plugin: NMAtmManager (/usr/lib64/NetworkManager/1.32.12-16.oe2303/libnm-device-plugin-adsl.so)
May  1 06:30:20 localhost NetworkManager[1302]: <info>  [1682922620.6682] Loaded device plugin: NMTeamFactory (/usr/lib64/NetworkManager/1.32.12-16.oe2303/libnm-device-plugin-team.so)
May  1 06:30:20 localhost NetworkManager[1302]: <info>  [1682922620.6715] manager: rfkill: Wi-Fi enabled by radio killswitch; enabled by state file
May  1 06:30:20 localhost NetworkManager[1302]: <info>  [1682922620.6773] manager: rfkill: WWAN enabled by radio killswitch; enabled by state file
May  1 06:30:20 localhost NetworkManager[1302]: <info>  [1682922620.6817] manager: Networking is enabled by state file
May  1 06:30:20 localhost dbus-daemon[1278]: [system] Activating via systemd: service name='org.freedesktop.nm_dispatcher' unit='dbus-org.freedesktop.nm-dispatcher.service' requested by ':1.1' (uid=0 pid=1302 comm="/usr/sbin/NetworkManager --no-daemon")
May  1 06:30:20 localhost NetworkManager[1302]: <info>  [1682922620.6975] dhcp-init: Using DHCP client 'dhclient'
May  1 06:30:20 localhost NetworkManager[1302]: <info>  [1682922620.7022] settings: Loaded settings plugin: ifcfg-rh ("/usr/lib64/NetworkManager/1.32.12-16.oe2303/libnm-settings-plugin-ifcfg-rh.so")
May  1 06:30:20 localhost NetworkManager[1302]: <info>  [1682922620.7070] settings: Loaded settings plugin: keyfile (internal)
May  1 06:30:20 localhost systemd[1]: Starting Network Manager Script Dispatcher Service...
May  1 06:30:20 localhost NetworkManager[1302]: <info>  [1682922620.7427] device (lo): carrier: link connected
May  1 06:30:20 localhost NetworkManager[1302]: <info>  [1682922620.7545] manager: (lo): new Generic device (/org/freedesktop/NetworkManager/Devices/1)
May  1 06:30:20 localhost dbus-daemon[1278]: [system] Successfully activated service 'org.freedesktop.nm_dispatcher'
May  1 06:30:20 localhost systemd[1]: Started Network Manager Script Dispatcher Service.
May  1 06:30:20 localhost NetworkManager[1302]: <info>  [1682922620.7859] manager: (ens5): new Ethernet device (/org/freedesktop/NetworkManager/Devices/2)
May  1 06:30:20 localhost NetworkManager[1302]: <info>  [1682922620.8296] device (ens5): state change: unmanaged -> unavailable (reason 'managed', sys-iface-state: 'external')
May  1 06:30:20 localhost NetworkManager[1302]: <info>  [1682922620.8545] device (ens5): carrier: link connected
May  1 06:30:20 localhost NetworkManager[1302]: <info>  [1682922620.9245] settings: (ens5): created default wired connection 'Wired connection 1'
May  1 06:30:20 localhost NetworkManager[1302]: <info>  [1682922620.9729] device (ens5): state change: unavailable -> disconnected (reason 'none', sys-iface-state: 'managed')
May  1 06:30:20 localhost NetworkManager[1302]: <info>  [1682922620.9868] policy: auto-activating connection 'Wired connection 1' (b2aa2728-2481-3d70-b9f6-6b6e9cc51968)
May  1 06:30:21 localhost NetworkManager[1302]: <info>  [1682922621.0024] device (ens5): Activation: starting connection 'Wired connection 1' (b2aa2728-2481-3d70-b9f6-6b6e9cc51968)
May  1 06:30:21 localhost NetworkManager[1302]: <info>  [1682922621.0080] device (ens5): state change: disconnected -> prepare (reason 'none', sys-iface-state: 'managed')
May  1 06:30:21 localhost NetworkManager[1302]: <info>  [1682922621.0197] manager: NetworkManager state is now CONNECTING
May  1 06:30:21 localhost NetworkManager[1302]: <info>  [1682922621.0240] device (ens5): state change: prepare -> config (reason 'none', sys-iface-state: 'managed')
May  1 06:30:21 localhost NetworkManager[1302]: <info>  [1682922621.0345] device (ens5): state change: config -> ip-config (reason 'none', sys-iface-state: 'managed')
May  1 06:30:21 localhost NetworkManager[1302]: <info>  [1682922621.0554] dhcp4 (ens5): activation: beginning transaction (timeout in 45 seconds)
May  1 06:30:21 localhost NetworkManager[1302]: <info>  [1682922621.0865] dhcp4 (ens5): dhclient started with pid 1407
May  1 06:30:21 localhost kernel: [   41.295564] Error: Driver 'pcspkr' is already registered, aborting...
May  1 06:30:21 localhost dhclient[1407]: DHCPDISCOVER on ens5 to 255.255.255.255 port 67 interval 3 (xid=0xd3d83678)
May  1 06:30:21 localhost dhclient[1407]: DHCPOFFER of 10.0.2.15 from 10.0.2.2
May  1 06:30:21 localhost dhclient[1407]: DHCPREQUEST for 10.0.2.15 on ens5 to 255.255.255.255 port 67 (xid=0xd3d83678)
May  1 06:30:21 localhost dhclient[1407]: DHCPACK of 10.0.2.15 from 10.0.2.2 (xid=0xd3d83678)
May  1 06:30:21 localhost NetworkManager[1302]: <info>  [1682922621.3614] dhcp4 (ens5):   address 10.0.2.15
May  1 06:30:21 localhost NetworkManager[1302]: <info>  [1682922621.3656] dhcp4 (ens5):   plen 24 (255.255.255.0)
May  1 06:30:21 localhost NetworkManager[1302]: <info>  [1682922621.3668] dhcp4 (ens5):   gateway 10.0.2.2
May  1 06:30:21 localhost NetworkManager[1302]: <info>  [1682922621.3684] dhcp4 (ens5):   lease time 86400
May  1 06:30:21 localhost NetworkManager[1302]: <info>  [1682922621.3696] dhcp4 (ens5):   nameserver '10.0.2.3'
May  1 06:30:21 localhost NetworkManager[1302]: <info>  [1682922621.3709] dhcp4 (ens5): state changed unknown -> bound, address=10.0.2.15
May  1 06:30:21 localhost NetworkManager[1302]: <info>  [1682922621.4068] device (ens5): state change: ip-config -> ip-check (reason 'none', sys-iface-state: 'managed')
May  1 06:30:21 localhost dhclient[1407]: bound to 10.0.2.15 -- renewal in 39662 seconds.
May  1 06:30:21 localhost NetworkManager[1302]: <info>  [1682922621.4643] device (ens5): state change: ip-check -> secondaries (reason 'none', sys-iface-state: 'managed')
May  1 06:30:21 localhost NetworkManager[1302]: <info>  [1682922621.4732] device (ens5): state change: secondaries -> activated (reason 'none', sys-iface-state: 'managed')
May  1 06:30:21 localhost NetworkManager[1302]: <info>  [1682922621.4812] manager: NetworkManager state is now CONNECTED_LOCAL
May  1 06:30:21 localhost NetworkManager[1302]: <info>  [1682922621.4891] manager: NetworkManager state is now CONNECTED_SITE
May  1 06:30:21 localhost NetworkManager[1302]: <info>  [1682922621.4907] policy: set 'Wired connection 1' (ens5) as default for IPv4 routing and DNS
May  1 06:30:21 localhost systemd[1]: sshd-keygen@rsa.service: Deactivated successfully.
May  1 06:30:21 localhost systemd[1]: Finished OpenSSH rsa Server Key Generation.
May  1 06:30:21 localhost systemd[1]: Reached target sshd-keygen.target.
May  1 06:30:21 localhost systemd[1]: Starting OpenSSH server daemon...
May  1 06:30:21 localhost NetworkManager[1302]: <info>  [1682922621.5761] device (ens5): Activation: successful, device activated.
May  1 06:30:21 localhost NetworkManager[1302]: <info>  [1682922621.6099] manager: NetworkManager state is now CONNECTED_GLOBAL
May  1 06:30:21 localhost systemd[1]: Started OpenSSH server daemon.
May  1 06:30:21 localhost NetworkManager[1302]: <info>  [1682922621.8143] manager: startup complete
May  1 06:30:21 localhost systemd[1]: Starting openEuler Security Tool...
May  1 06:30:21 localhost systemd[1]: Finished Network Manager Wait Online.
May  1 06:30:21 localhost systemd[1]: Reached target Network is Online.
May  1 06:30:21 localhost systemd[1]: Starting Crash recovery kernel arming...
May  1 06:30:21 localhost NetworkManager[1302]: <info>  [1682922621.9116] policy: set-hostname: set hostname to 'localhost.localdomain' (no hostname found)
May  1 06:30:21 localhost systemd-hostnamed[1333]: Hostname set to <localhost.localdomain> (transient)
May  1 06:30:21 localhost systemd[1]: Starting System Logging Service...
May  1 06:30:22 localhost kernel: [   42.238532] kvm: Nested Virtualization enabled
May  1 06:30:22 localhost kernel: [   42.238785] SVM: kvm: Nested Paging disabled
May  1 06:30:22 localhost kernel: [   42.239152] SVM: PMU virtualization is disabled
May  1 06:30:22 localhost rsyslogd[1442]: [origin software="rsyslogd" swVersion="8.2210.0" x-pid="1442" x-info="https://www.rsyslog.com"] start
May  1 06:30:22 localhost rsyslogd[1442]: imjournal: No statefile exists, /run/log/imjournal.state will be created (ignore if this is first run): No such file or directory [v8.2210.0 try https://www.rsyslog.com/e/2040 ]
May  1 06:30:22 localhost systemd[1]: Started System Logging Service.
May  1 06:30:22 localhost kdumpctl[1474]: grep:
May  1 06:30:22 localhost kdumpctl[1475]: grep: warning: stray \ before -
May  1 06:30:22 localhost kdumpctl[1474]: warning: stray \ before -
May  1 06:30:22 localhost kdumpctl[1474]: grep: warning: stray \ before -
May  1 06:30:22 localhost kernel: [   42.604470] powernow_k8: Power state transitions not supported
May  1 06:30:22 localhost kernel: [   42.604785] powernow_k8: Power state transitions not supported
May  1 06:30:22 localhost kernel: [   42.607516] powernow_k8: Power state transitions not supported
May  1 06:30:22 localhost kernel: [   42.607655] powernow_k8: Power state transitions not supported
May  1 06:30:22 localhost kdumpctl[1497]: /usr/bin/kdumpctl: line 954: hostname: command not found
May  1 06:30:22 localhost kdumpctl[1498]: /usr/bin/kdumpctl: line 955: hostname: command not found
May  1 06:30:22 localhost kernel: [   42.739595] powernow_k8: Power state transitions not supported
May  1 06:30:22 localhost kernel: [   42.739789] powernow_k8: Power state transitions not supported
May  1 06:30:22 localhost kernel: [   42.740020] powernow_k8: Power state transitions not supported
May  1 06:30:22 localhost kernel: [   42.740161] powernow_k8: Power state transitions not supported
May  1 06:30:22 localhost rsyslogd[1442]: imjournal: journal files changed, reloading...  [v8.2210.0 try https://www.rsyslog.com/e/0 ]
May  1 06:30:22 localhost kernel: [   42.895657] ppdev: user-space parallel port driver
May  1 06:30:22 localhost security-tool.sh[1563]: egrep: warning: egrep is obsolescent; using grep -E
May  1 06:30:22 localhost NetworkManager[1302]: <info>  [1682922622.9718] policy: set-hostname: set hostname to 'localhost.localdomain' (no hostname found)
May  1 06:30:23 localhost NetworkManager[1302]: <info>  [1682922623.1427] policy: set 'Wired connection 1' (ens5) as default for IPv6 routing and DNS
May  1 06:30:23 localhost security-tool.sh[1633]: egrep: warning: egrep is obsolescent; using grep -E
May  1 06:30:23 localhost kdumpctl[1454]: No kdump initial ramdisk found.
May  1 06:30:23 localhost kdumpctl[1454]: Rebuilding /boot/initramfs-6.1.19-7.0.0.17.oe2303.x86_64kdump.img
May  1 06:30:23 localhost NetworkManager[1302]: <info>  [1682922623.3501] policy: set-hostname: set hostname to 'localhost.localdomain' (no hostname found)
May  1 06:30:23 localhost kdumpctl[1680]: grep: warning: stray \ before -
May  1 06:30:23 localhost kdumpctl[1680]: grep: warning: stray \ before -
May  1 06:30:23 localhost kdumpctl[1689]: grep: warning: stray \ before -
May  1 06:30:23 localhost security-tool.sh[1718]: egrep: warning: egrep is obsolescent; using grep -E
May  1 06:30:23 localhost kdumpctl[1732]: grep: warning: stray \ before -
May  1 06:30:23 localhost kdumpctl[1732]: grep: warning: stray \ before -
May  1 06:30:23 localhost kdumpctl[1738]: grep: warning: stray \ before -
May  1 06:30:23 localhost security-tool.sh[1806]: egrep: warning: egrep is obsolescent; using grep -E
May  1 06:30:23 localhost kdumpctl[1816]: grep: warning: stray \ before -
May  1 06:30:23 localhost kdumpctl[1816]: grep: warning: stray \ before -
May  1 06:30:23 localhost kdumpctl[1819]: grep: warning: stray \ before -
May  1 06:30:24 localhost kdumpctl[1853]: grep: warning: stray \ before -
May  1 06:30:24 localhost kdumpctl[1853]: grep: warning: stray \ before -
May  1 06:30:24 localhost kdumpctl[1856]: grep: warning: stray \ before -
May  1 06:30:24 localhost security-tool.sh[1907]: egrep: warning: egrep is obsolescent; using grep -E
May  1 06:30:24 localhost NetworkManager[1302]: <info>  [1682922624.5089] policy: set-hostname: set hostname to 'localhost.localdomain' (no hostname found)
May  1 06:30:24 localhost kdumpctl[1945]: grep: warning: stray \ before -
May  1 06:30:24 localhost kdumpctl[1945]: grep: warning: stray \ before -
May  1 06:30:24 localhost security-tool.sh[1995]: egrep: warning: egrep is obsolescent; using grep -E
May  1 06:30:25 localhost security-tool.sh[2101]: egrep: warning: egrep is obsolescent; using grep -E
May  1 06:30:25 localhost security-tool.sh[2210]: egrep: warning: egrep is obsolescent; using grep -E
May  1 06:30:25 localhost dracut[2205]: dracut-059-2.oe2303
May  1 06:30:25 localhost security-tool.sh[2286]: egrep: warning: egrep is obsolescent; using grep -E
May  1 06:30:26 localhost security-tool.sh[2321]: egrep: warning: egrep is obsolescent; using grep -E
May  1 06:30:26 localhost dracut[2216]: Executing: /usr/bin/dracut --quiet --hostonly --hostonly-cmdline --hostonly-i18n --hostonly-mode strict -o "plymouth dash resume ifcfg earlykdump" --mount "/dev/disk/by-uuid/5869c5b8-8da5-4fad-b809-b3e3b724020f /sysroot ext4 defaults,noauto" --no-hostonly-default-device -f /boot/initramfs-6.1.19-7.0.0.17.oe2303.x86_64kdump.img 6.1.19-7.0.0.17.oe2303.x86_64
May  1 06:30:26 localhost security-tool.sh[2402]: egrep: warning: egrep is obsolescent; using grep -E
May  1 06:30:27 localhost security-tool.sh[2487]: egrep: warning: egrep is obsolescent; using grep -E
May  1 06:30:27 localhost security-tool.sh[2545]: egrep: warning: egrep is obsolescent; using grep -E
May  1 06:30:27 localhost dracut[2216]: dracut module 'systemd-integritysetup' will not be installed, because command '/usr/lib/systemd/systemd-integritysetup' could not be found!
May  1 06:30:27 localhost dracut[2216]: dracut module 'systemd-integritysetup' will not be installed, because command '/usr/lib/systemd/system-generators/systemd-integritysetup-generator' could not be found!
May  1 06:30:27 localhost dracut[2216]: dracut module 'systemd-pcrphase' will not be installed, because command '/usr/lib/systemd/systemd-pcrphase' could not be found!
May  1 06:30:27 localhost dracut[2216]: dracut module 'systemd-portabled' will not be installed, because command 'portablectl' could not be found!
May  1 06:30:27 localhost dracut[2216]: dracut module 'systemd-portabled' will not be installed, because command '/usr/lib/systemd/systemd-portabled' could not be found!
May  1 06:30:27 localhost security-tool.sh[2627]: egrep: warning: egrep is obsolescent; using grep -E
May  1 06:30:27 localhost dracut[2216]: dracut module 'systemd-pstore' will not be installed, because command '/usr/lib/systemd/systemd-pstore' could not be found!
May  1 06:30:27 localhost dracut[2216]: dracut module 'systemd-repart' will not be installed, because command 'systemd-repart' could not be found!
May  1 06:30:27 localhost dracut[2216]: dracut module 'systemd-resolved' will not be installed, because command 'resolvectl' could not be found!
May  1 06:30:27 localhost dracut[2216]: dracut module 'systemd-resolved' will not be installed, because command '/usr/lib/systemd/systemd-resolved' could not be found!
May  1 06:30:27 localhost dracut[2216]: dracut module 'systemd-rfkill' will not be installed, because command '/usr/lib/systemd/systemd-rfkill' could not be found!
May  1 06:30:27 localhost dracut[2216]: dracut module 'systemd-sysext' will not be installed, because command 'systemd-sysext' could not be found!
May  1 06:30:27 localhost dracut[2216]: dracut module 'systemd-timesyncd' will not be installed, because command '/usr/lib/systemd/systemd-timesyncd' could not be found!
May  1 06:30:27 localhost dracut[2216]: dracut module 'systemd-timesyncd' will not be installed, because command '/usr/lib/systemd/systemd-time-wait-sync' could not be found!
May  1 06:30:28 localhost dracut[2216]: dracut module 'systemd-veritysetup' will not be installed, because command '/usr/lib/systemd/systemd-veritysetup' could not be found!
May  1 06:30:28 localhost dracut[2216]: dracut module 'systemd-veritysetup' will not be installed, because command '/usr/lib/systemd/system-generators/systemd-veritysetup-generator' could not be found!
May  1 06:30:28 localhost dracut[2216]: dracut module 'modsign' will not be installed, because command 'keyctl' could not be found!
May  1 06:30:28 localhost security-tool.sh[2712]: egrep: warning: egrep is obsolescent; using grep -E
May  1 06:30:28 localhost dracut[2216]: dracut module 'busybox' will not be installed, because command 'busybox' could not be found!
May  1 06:30:28 localhost dracut[2216]: dracut module 'dbus-broker' will not be installed, because command 'dbus-broker' could not be found!
May  1 06:30:28 localhost dracut[2216]: dracut module 'rngd' will not be installed, because command 'rngd' could not be found!
May  1 06:30:28 localhost dracut[2216]: dracut module 'connman' will not be installed, because command 'connmand' could not be found!
May  1 06:30:28 localhost dracut[2216]: dracut module 'connman' will not be installed, because command 'connmanctl' could not be found!
May  1 06:30:28 localhost dracut[2216]: dracut module 'connman' will not be installed, because command 'connmand-wait-online' could not be found!
May  1 06:30:28 localhost dracut[2216]: dracut module 'network-wicked' will not be installed, because command 'wicked' could not be found!
May  1 06:30:28 localhost security-tool.sh[2795]: egrep: warning: egrep is obsolescent; using grep -E
May  1 06:30:28 localhost dracut[2216]: 62bluetooth: Could not find any command of '/usr/lib/bluetooth/bluetoothd /usr/libexec/bluetooth/bluetoothd'!
May  1 06:30:28 localhost dracut[2216]: dracut module 'lvmmerge' will not be installed, because command 'lvm' could not be found!
May  1 06:30:28 localhost dracut[2216]: dracut module 'lvmthinpool-monitor' will not be installed, because command 'lvm' could not be found!
May  1 06:30:28 localhost dracut[2216]: dracut module 'btrfs' will not be installed, because command 'btrfs' could not be found!
May  1 06:30:28 localhost dracut[2216]: 90crypt: Could not find any command of '/usr/lib/systemd/systemd-cryptsetup cryptsetup'!
May  1 06:30:28 localhost dracut[2216]: dracut module 'dmraid' will not be installed, because command 'dmraid' could not be found!
May  1 06:30:28 localhost dracut[2216]: dracut module 'lvm' will not be installed, because command 'lvm' could not be found!
May  1 06:30:28 localhost security-tool.sh[2876]: egrep: warning: egrep is obsolescent; using grep -E
May  1 06:30:28 localhost dracut[2216]: dracut module 'mdraid' will not be installed, because command 'mdadm' could not be found!
May  1 06:30:29 localhost dracut[2216]: dracut module 'pcsc' will not be installed, because command 'pcscd' could not be found!
May  1 06:30:29 localhost dracut[2216]: dracut module 'tpm2-tss' will not be installed, because command 'tpm2' could not be found!
May  1 06:30:29 localhost dracut[2216]: dracut module 'cifs' will not be installed, because command 'mount.cifs' could not be found!
May  1 06:30:29 localhost security-tool.sh[2959]: egrep: warning: egrep is obsolescent; using grep -E
May  1 06:30:29 localhost security-tool.sh[3042]: egrep: warning: egrep is obsolescent; using grep -E
May  1 06:30:29 localhost dracut[2216]: dracut module 'iscsi' will not be installed, because command 'iscsi-iname' could not be found!
May  1 06:30:29 localhost dracut[2216]: dracut module 'iscsi' will not be installed, because command 'iscsiadm' could not be found!
May  1 06:30:30 localhost dracut[2216]: dracut module 'iscsi' will not be installed, because command 'iscsid' could not be found!
May  1 06:30:30 localhost security-tool.sh[3121]: egrep: warning: egrep is obsolescent; using grep -E
May  1 06:30:30 localhost dracut[2216]: 95nfs: Could not find any command of 'rpcbind portmap'!
May  1 06:30:30 localhost dracut[2216]: dracut module 'nvmf' will not be installed, because command 'nvme' could not be found!
May  1 06:30:30 localhost security-tool.sh[3177]: egrep: warning: egrep is obsolescent; using grep -E
May  1 06:30:30 localhost dracut[2216]: dracut module 'biosdevname' will not be installed, because command 'biosdevname' could not be found!
May  1 06:30:30 localhost security-tool.sh[3230]: egrep: warning: egrep is obsolescent; using grep -E
May  1 06:30:30 localhost security-tool.sh[3294]: egrep: warning: egrep is obsolescent; using grep -E
May  1 06:30:31 localhost security-tool.sh[3345]: egrep: warning: egrep is obsolescent; using grep -E
May  1 06:30:31 localhost dracut[2216]: dracut module 'memstrack' will not be installed, because command 'memstrack' could not be found!
